BL51 BANKED LINKER/LOCATER V6.22.2.0                                                    09/29/2020  14:48:27  PAGE 1


BL51 BANKED LINKER/LOCATER V6.22.2.0, INVOKED BY:
D:\KEIL_V5\C51\BIN\BL51.EXE .\Out_File\board.obj, .\Out_File\common.obj, .\Out_File\key.obj, .\Out_File\all_init.obj, .\
>> Out_File\zf_adc.obj, .\Out_File\zf_delay.obj, .\Out_File\zf_eeprom.obj, .\Out_File\zf_exti.obj, .\Out_File\zf_gpio.ob
>> j, .\Out_File\zf_iic.obj, .\Out_File\zf_nvic.obj, .\Out_File\zf_pca_delay.obj, .\Out_File\zf_pca_pit.obj, .\Out_File\
>> zf_pwm.obj, .\Out_File\zf_spi.obj, .\Out_File\zf_tim.obj, .\Out_File\zf_uart.obj, .\Out_File\SEEKFREE_18TFT.obj, .\Ou
>> t_File\SEEKFREE_ABSOLUTE_ENCODER.obj, .\Out_File\SEEKFREE_FONT.obj, .\Out_File\SEEKFREE_ICM20602.obj, .\Out_File\SEEK
>> FREE_IIC.obj, .\Out_File\SEEKFREE_OLED.obj, .\Out_File\SEEKFREE_TSL1401.obj, .\Out_File\SEEKFREE_VIRSCO.obj, .\Out_Fi
>> le\SEEKFREE_WIRELESS.obj, .\Out_File\SEEKFREE_PRINTF.obj, .\Out_File\isr.obj, .\Out_File\Control.obj, .\Out_File\test
>> .obj, .\Out_File\main.obj, .\Out_File\ccd_judge.obj, .\Out_File\yuansu.obj, .\Out_File\speedcontrol.obj TO .\Out_File
>> \ZLJN PRINT (.\Out_File\ZLJN.m51) RAMSIZE (256) DISABLEWARNING (16) CODE (0X0000-0XFFF8) XDATA (0X0000-0X07FF)


MEMORY MODEL: LARGE WITH FLOATING POINT ARITHMETIC


INPUT MODULES INCLUDED:
  .\Out_File\board.obj (BOARD)
  .\Out_File\common.obj (COMMON)
  .\Out_File\key.obj (KEY)
  .\Out_File\all_init.obj (ALL_INIT)
  .\Out_File\zf_adc.obj (ZF_ADC)
  .\Out_File\zf_delay.obj (ZF_DELAY)
  .\Out_File\zf_eeprom.obj (ZF_EEPROM)
  .\Out_File\zf_exti.obj (ZF_EXTI)
  .\Out_File\zf_gpio.obj (ZF_GPIO)
  .\Out_File\zf_iic.obj (ZF_IIC)
  .\Out_File\zf_nvic.obj (ZF_NVIC)
  .\Out_File\zf_pca_delay.obj (ZF_PCA_DELAY)
  .\Out_File\zf_pca_pit.obj (ZF_PCA_PIT)
  .\Out_File\zf_pwm.obj (ZF_PWM)
  .\Out_File\zf_spi.obj (ZF_SPI)
  .\Out_File\zf_tim.obj (ZF_TIM)
  .\Out_File\zf_uart.obj (ZF_UART)
  .\Out_File\SEEKFREE_18TFT.obj (SEEKFREE_18TFT)
  .\Out_File\SEEKFREE_ABSOLUTE_ENCODER.obj (SEEKFREE_ABSOLUTE_ENCODER)
  .\Out_File\SEEKFREE_FONT.obj (SEEKFREE_FONT)
  .\Out_File\SEEKFREE_ICM20602.obj (SEEKFREE_ICM20602)
  .\Out_File\SEEKFREE_IIC.obj (SEEKFREE_IIC)
  .\Out_File\SEEKFREE_OLED.obj (SEEKFREE_OLED)
  .\Out_File\SEEKFREE_TSL1401.obj (SEEKFREE_TSL1401)
  .\Out_File\SEEKFREE_VIRSCO.obj (SEEKFREE_VIRSCO)
  .\Out_File\SEEKFREE_WIRELESS.obj (SEEKFREE_WIRELESS)
  .\Out_File\SEEKFREE_PRINTF.obj (SEEKFREE_PRINTF)
  .\Out_File\isr.obj (ISR)
  .\Out_File\Control.obj (CONTROL)
  .\Out_File\test.obj (TEST)
  .\Out_File\main.obj (MAIN)
  .\Out_File\ccd_judge.obj (CCD_JUDGE)
  .\Out_File\yuansu.obj (YUANSU)
  .\Out_File\speedcontrol.obj (SPEEDCONTROL)
  D:\KEIL_V5\C51\LIB\C51FPL.LIB (?C?FPADD)
  D:\KEIL_V5\C51\LIB\C51FPL.LIB (?C?FPMUL)
  D:\KEIL_V5\C51\LIB\C51FPL.LIB (?C?FPDIV)
  D:\KEIL_V5\C51\LIB\C51FPL.LIB (?C?FPCMP)
  D:\KEIL_V5\C51\LIB\C51FPL.LIB (?C?FPNEG)
  D:\KEIL_V5\C51\LIB\C51FPL.LIB (?C?FCAST)
  D:\KEIL_V5\C51\LIB\C51FPL.LIB (?C?CASTF)
  D:\KEIL_V5\C51\LIB\C51FPL.LIB (?C?FPGETOPN)
BL51 BANKED LINKER/LOCATER V6.22.2.0                                                  09/29/2020  14:48:27  PAGE 2


  D:\KEIL_V5\C51\LIB\C51L.LIB (?C_STARTUP)
  D:\KEIL_V5\C51\LIB\C51L.LIB (?C?SCDIV)
  D:\KEIL_V5\C51\LIB\C51L.LIB (?C?CLDPTR)
  D:\KEIL_V5\C51\LIB\C51L.LIB (?C?CLDOPTR)
  D:\KEIL_V5\C51\LIB\C51L.LIB (?C?CSTPTR)
  D:\KEIL_V5\C51\LIB\C51L.LIB (?C?CSTOPTR)
  D:\KEIL_V5\C51\LIB\C51L.LIB (?C?IMUL)
  D:\KEIL_V5\C51\LIB\C51L.LIB (?C?UIDIV)
  D:\KEIL_V5\C51\LIB\C51L.LIB (?C?SIDIV)
  D:\KEIL_V5\C51\LIB\C51L.LIB (?C?IILDX)
  D:\KEIL_V5\C51\LIB\C51L.LIB (?C?ILDIX)
  D:\KEIL_V5\C51\LIB\C51L.LIB (?C?ILDOPTR)
  D:\KEIL_V5\C51\LIB\C51L.LIB (?C?LMUL)
  D:\KEIL_V5\C51\LIB\C51L.LIB (?C?ULDIV)
  D:\KEIL_V5\C51\LIB\C51L.LIB (?C?SLDIV)
  D:\KEIL_V5\C51\LIB\C51L.LIB (?C?LNEG)
  D:\KEIL_V5\C51\LIB\C51L.LIB (?C?SLCMP)
  D:\KEIL_V5\C51\LIB\C51L.LIB (?C?ULCMP)
  D:\KEIL_V5\C51\LIB\C51L.LIB (?C?ULSHR)
  D:\KEIL_V5\C51\LIB\C51L.LIB (?C?LLDPTR)
  D:\KEIL_V5\C51\LIB\C51L.LIB (?C?LSTXDATA)
  D:\KEIL_V5\C51\LIB\C51L.LIB (?C?LSTKXDATA)
  D:\KEIL_V5\C51\LIB\C51L.LIB (?C?OFFX256)
  D:\KEIL_V5\C51\LIB\C51L.LIB (?C?OFFXADD)
  D:\KEIL_V5\C51\LIB\C51L.LIB (?C?PLDPTR)
  D:\KEIL_V5\C51\LIB\C51L.LIB (?C?CCASE)
  D:\KEIL_V5\C51\LIB\C51L.LIB (?C?COPYP2)
  D:\KEIL_V5\C51\LIB\C51L.LIB (?C_INIT)
  D:\KEIL_V5\C51\LIB\C51L.LIB (?C?LLDIDATA)
  D:\KEIL_V5\C51\LIB\C51L.LIB (?C?LLDXDATA)
  D:\KEIL_V5\C51\LIB\C51L.LIB (?C?LLDPDATA)
  D:\KEIL_V5\C51\LIB\C51L.LIB (?C?LLDCODE)
  D:\KEIL_V5\C51\LIB\C51L.LIB (?C?PLDIDATA)
  D:\KEIL_V5\C51\LIB\C51L.LIB (?C?PLDXDATA)
  D:\KEIL_V5\C51\LIB\C51L.LIB (?C?PLDPDATA)
  D:\KEIL_V5\C51\LIB\C51L.LIB (?C?PLDCODE)


LINK MAP OF MODULE:  .\Out_File\ZLJN (BOARD)


            TYPE    BASE      LENGTH    RELOCATION   SEGMENT NAME
            -----------------------------------------------------

            * * * * * * *   D A T A   M E M O R Y   * * * * * * *
            REG     0000H     0008H     ABSOLUTE     "REG BANK 0"
            IDATA   0008H     0001H     UNIT         ?STACK

            * * * * * * *  X D A T A   M E M O R Y  * * * * * * *
            XDATA   0000H     0177H     UNIT         ?XD?SPEEDCONTROL
            XDATA   0177H     0101H     UNIT         ?XD?SEEKFREE_TSL1401
            XDATA   0278H     00DAH     UNIT         _XDATA_GROUP_
            XDATA   0352H     00CDH     UNIT         ?XD?ZF_UART
            XDATA   041FH     00A6H     UNIT         ?XD?CONTROL
            XDATA   04C5H     002FH     UNIT         ?XD?_LCD_SHOWFLOAT?SEEKFREE_18TFT
            XDATA   04F4H     002CH     UNIT         ?XD?_LCD_SHOWINT32?SEEKFREE_18TFT
            XDATA   0520H     002CH     UNIT         ?XD?_OLED_PRINTF_INT32?SEEKFREE_OLED
BL51 BANKED LINKER/LOCATER V6.22.2.0                                                  09/29/2020  14:48:27  PAGE 3


            XDATA   054CH     0020H     UNIT         ?XD?TEST
            XDATA   056CH     0016H     UNIT         ?XD?CCD_JUDGE
            XDATA   0582H     0011H     UNIT         ?XD?_OLED_DIS_BMP?SEEKFREE_OLED
            XDATA   0593H     0010H     UNIT         ?XD?_PWM_FREQ?ZF_PWM
            XDATA   05A3H     000DH     UNIT         ?XD?_OLED_PRINT_CHINESE?SEEKFREE_OLED
            XDATA   05B0H     000CH     UNIT         ?XD?ZF_PCA_PIT
            XDATA   05BCH     000CH     UNIT         ?XD?_LCD_SHOWINT16?SEEKFREE_18TFT
            XDATA   05C8H     000CH     UNIT         ?XD?SEEKFREE_ICM20602
            XDATA   05D4H     000BH     UNIT         ?XD?_SHOWIMAGE?SEEKFREE_18TFT
            XDATA   05DFH     000BH     UNIT         ?XD?_OLED_INT16?SEEKFREE_OLED
            XDATA   05EAH     000BH     UNIT         ?XD?_DATA_CONVERSION?SEEKFREE_VIRSCO
            XDATA   05F5H     000BH     UNIT         ?XD?MAIN
            XDATA   0600H     000AH     UNIT         ?XD?_LCD_SHOWUINT16?SEEKFREE_18TFT
            XDATA   060AH     000AH     UNIT         ?XD?SEEKFREE_VIRSCO
            XDATA   0614H     0009H     UNIT         ?XD?_LCD_SHOWSTR?SEEKFREE_18TFT
            XDATA   061DH     0009H     UNIT         ?XD?_LCD_SHOWINT8?SEEKFREE_18TFT
            XDATA   0626H     0008H     UNIT         ?XD?_LCD_SET_REGION?SEEKFREE_18TFT
            XDATA   062EH     0008H     UNIT         ?XD?_LCD_SHOWCHAR?SEEKFREE_18TFT
            XDATA   0636H     0008H     UNIT         ?XD?_LCD_SHOWUINT8?SEEKFREE_18TFT
            XDATA   063EH     0007H     UNIT         ?XD?KEY
            XDATA   0645H     0007H     UNIT         ?XD?_IIC_INIT?ZF_IIC
            XDATA   064CH     0007H     UNIT         ?XD?_SIMIIC_READ_REGS?SEEKFREE_IIC
            XDATA   0653H     0007H     UNIT         ?XD?_OLED_P8X16STR?SEEKFREE_OLED
            XDATA   065AH     0007H     UNIT         ?XD?_CRC_CHECK?SEEKFREE_VIRSCO
            XDATA   0661H     0007H     UNIT         ?XD?_SEEKFREE_WIRELESS_SEND_BUFF?SEEKFREE_WIRELESS
            XDATA   0668H     0007H     UNIT         ?XD?YUANSU
            XDATA   066FH     0006H     UNIT         ?XD?_IAP_READ_BYTES?ZF_EEPROM
            XDATA   0675H     0006H     UNIT         ?XD?_IAP_WRITE_BYTES?ZF_EEPROM
            XDATA   067BH     0006H     UNIT         ?XD?_IIC_READ_REG_BYTES?ZF_IIC
            XDATA   0681H     0006H     UNIT         ?XD?_LCD_DRAWPOINT?SEEKFREE_18TFT
            XDATA   0687H     0006H     UNIT         ?XD?GET_ICM20602_ACCDATA_SIMIIC?SEEKFREE_ICM20602
            XDATA   068DH     0006H     UNIT         ?XD?GET_ICM20602_GYRO_SIMIIC?SEEKFREE_ICM20602
            XDATA   0693H     0006H     UNIT         ?XD?GET_ICM20602_ACCDATA_SIMSPI?SEEKFREE_ICM20602
            XDATA   0699H     0006H     UNIT         ?XD?GET_ICM20602_GYRO_SIMSPI?SEEKFREE_ICM20602
            XDATA   069FH     0006H     UNIT         ?XD?SEEKFREE_IIC
            XDATA   06A5H     0005H     UNIT         ?XD?_IIC_READ_REG?ZF_IIC
            XDATA   06AAH     0005H     UNIT         ?XD?_ICM_SIMSPI_R_REG_BYTES?SEEKFREE_ICM20602
            XDATA   06AFH     0004H     UNIT         ?XD?GET_CLK?BOARD
            XDATA   06B3H     0004H     UNIT         ?XD?BOARD
            XDATA   06B7H     0004H     UNIT         ?XD?_SPI_CHANGE_PIN?ZF_SPI
            XDATA   06BBH     0004H     UNIT         ?XD?_LCD_CLEAR?SEEKFREE_18TFT
            XDATA   06BFH     0003H     UNIT         ?XD?_UART_PUTSTR?ZF_UART
            XDATA   06C2H     0003H     UNIT         ?XD?_ENCODER_SIMSPI_R_REG_BYTE?SEEKFREE_ABSOLUTE_ENCODER
            XDATA   06C5H     0003H     UNIT         ?XD?_SPI_R_REG_BYTE?SEEKFREE_ABSOLUTE_ENCODER
            XDATA   06C8H     0003H     UNIT         ?XD?_ENCODER_SPI_R_REG_BYTE?SEEKFREE_ABSOLUTE_ENCODER
            XDATA   06CBH     0003H     UNIT         ?XD?ISR
            XDATA   06CEH     0002H     UNIT         ?XD?ALL_INIT
            XDATA   06D0H     0002H     UNIT         ?XD?ZF_DELAY
            XDATA   06D2H     0002H     UNIT         ?XD?WAIT?ZF_IIC
            XDATA   06D4H     0002H     UNIT         ?XD?ZF_PCA_DELAY
            XDATA   06D6H     0002H     UNIT         ?XD?_LCD_WRITEDATA_16BIT?SEEKFREE_18TFT
            XDATA   06D8H     0002H     UNIT         ?XD?_SET_ZERO_POSITION_SIMSPI?SEEKFREE_ABSOLUTE_ENCODER
            XDATA   06DAH     0002H     UNIT         ?XD?_ENCODER_SPI_W_REG_BYTE?SEEKFREE_ABSOLUTE_ENCODER
            XDATA   06DCH     0002H     UNIT         ?XD?_SET_ZERO_POSITION_SPI?SEEKFREE_ABSOLUTE_ENCODER
            XDATA   06DEH     0002H     UNIT         ?XD?ENCODER_ANGLE_SPI?SEEKFREE_ABSOLUTE_ENCODER
            XDATA   06E0H     0001H     UNIT         ?XD?_PUTCHAR?BOARD
            XDATA   06E1H     0001H     UNIT         ?XD?_IIC_WRITE_REG?ZF_IIC
BL51 BANKED LINKER/LOCATER V6.22.2.0                                                  09/29/2020  14:48:27  PAGE 4


            XDATA   06E2H     0001H     UNIT         ?XD?_PIT_TIMER_MS?ZF_TIM
            XDATA   06E3H     0001H     UNIT         ?XD?ENCODER_SELF4_CHECK?SEEKFREE_ABSOLUTE_ENCODER
            XDATA   06E4H     0001H     UNIT         ?XD?_SPI_W_REG_BYTE?SEEKFREE_ABSOLUTE_ENCODER
            XDATA   06E5H     0001H     UNIT         ?XD?ENCODER_SELF5_CHECK?SEEKFREE_ABSOLUTE_ENCODER
            XDATA   06E6H     0001H     UNIT         ?XD?ICM20602_SELF1_CHECK?SEEKFREE_ICM20602
            XDATA   06E7H     0001H     UNIT         ?XD?ICM20602_SELF4_CHECK?SEEKFREE_ICM20602
            XDATA   06E8H     0001H     UNIT         ?XD?ICM20602_INIT_SIMSPI?SEEKFREE_ICM20602
            XDATA   06E9H     0001H     UNIT         ?XD?_SIMIIC_WRITE_REG?SEEKFREE_IIC
            XDATA   06EAH     0001H     UNIT         ?XD?_SIMIIC_READ_REG?SEEKFREE_IIC

            * * * * * * *   C O D E   M E M O R Y   * * * * * * *
            CODE    0000H     0003H     ABSOLUTE     
            CODE    0003H     0003H     ABSOLUTE     
            CODE    0006H     0004H     UNIT         ?PR?IAP_IDLE?ZF_EEPROM
            CODE    000AH     0001H     UNIT         ?PR?SIMIIC_INIT?SEEKFREE_IIC
            CODE    000BH     0003H     ABSOLUTE     
            CODE    000EH     0003H     UNIT         ?PR?DISABLEGLOBALIRQ?BOARD
            CODE    0011H     0001H     UNIT         ?PR?INT0_ISR?ISR
            CODE    0012H     0001H     UNIT         ?PR?INT1_ISR?ISR
            CODE    0013H     0003H     ABSOLUTE     
            CODE    0016H     0003H     UNIT         ?PR?ENABLEGLOBALIRQ?BOARD
            CODE    0019H     0001H     UNIT         ?PR?INT2_ISR?ISR
            CODE    001AH     0001H     UNIT         ?PR?INT3_ISR?ISR
            CODE    001BH     0003H     ABSOLUTE     
            CODE    001EH     0003H     UNIT         ?PR?UART_INITIALIZATION?ALL_INIT
            CODE    0021H     0001H     UNIT         ?PR?INT4_ISR?ISR
                    0022H     0001H                  *** GAP ***
            CODE    0023H     0003H     ABSOLUTE     
            CODE    0026H     0015H     UNIT         ?PR?ALL_INIT?ALL_INIT
            CODE    003BH     0003H     ABSOLUTE     
            CODE    003EH     0003H     UNIT         ?PR?OLED_INITIALIZATION?ALL_INIT
                    0041H     0002H                  *** GAP ***
            CODE    0043H     0003H     ABSOLUTE     
            CODE    0046H     000DH     UNIT         ?PR?_SPI_MOSI?ZF_SPI
            CODE    0053H     0003H     ABSOLUTE     
                    0056H     0005H                  *** GAP ***
            CODE    005BH     0003H     ABSOLUTE     
            CODE    005EH     0025H     UNIT         ?PR?_IIC_CHANGE_PIN?ZF_IIC
            CODE    0083H     0003H     ABSOLUTE     
                    0086H     0005H                  *** GAP ***
            CODE    008BH     0003H     ABSOLUTE     
                    008EH     0005H                  *** GAP ***
            CODE    0093H     0003H     ABSOLUTE     
            CODE    0096H     0E08H     UNIT         ?CO?SEEKFREE_FONT
            CODE    0E9EH     0DE2H     UNIT         ?PR?GET_AD_DATE?CONTROL
            CODE    1C80H     08F6H     UNIT         ?C?LIB_CODE
            CODE    2576H     05F4H     UNIT         ?PR?OLED_VIEW?TEST
            CODE    2B6AH     05BCH     UNIT         ?PR?_OLED_DIS_BMP?SEEKFREE_OLED
            CODE    3126H     05A2H     UNIT         ?PR?_ZF_SPRINTF?SEEKFREE_PRINTF
            CODE    36C8H     02D2H     UNIT         ?PR?SPEED_FUZZY_MEM_CAL_FORECAST?SPEEDCONTROL
            CODE    399AH     02B1H     UNIT         ?PR?_GPIO_MODE?ZF_GPIO
            CODE    3C4BH     0270H     UNIT         ?PR?SPEED_FUZZY_MEM_CAL_FE?SPEEDCONTROL
            CODE    3EBBH     0253H     UNIT         ?C_INITSEG
            CODE    410EH     022BH     UNIT         ?PR?GET_CLK?BOARD
            CODE    4339H     0222H     UNIT         ?PR?DIRECTIONCONTROL?CONTROL
            CODE    455BH     020FH     UNIT         ?PR?_PWM_INIT?ZF_PWM
            CODE    476AH     020AH     UNIT         ?PR?LCD_INIT?SEEKFREE_18TFT
BL51 BANKED LINKER/LOCATER V6.22.2.0                                                  09/29/2020  14:48:27  PAGE 5


            CODE    4974H     01EBH     UNIT         ?PR?ROUND_JUDGE?YUANSU
            CODE    4B5FH     01D3H     UNIT         ?PR?_UART_INIT?ZF_UART
            CODE    4D32H     01B9H     UNIT         ?PR?_PWM_FREQ?ZF_PWM
            CODE    4EEBH     01B9H     UNIT         ?PR?MOTORSPEEDOUT?CONTROL
            CODE    50A4H     01B6H     UNIT         ?PR?_NUMBER_CONVERSION_ASCII?SEEKFREE_PRINTF
            CODE    525AH     01B0H     UNIT         ?PR?SPEEDCONTROL?CONTROL
            CODE    540AH     0176H     UNIT         ?PR?_LCD_SHOWFLOAT?SEEKFREE_18TFT
            CODE    5580H     0172H     UNIT         ?PR?_OLED_PRINTF_FLOAT?SEEKFREE_OLED
            CODE    56F2H     0149H     UNIT         ?PR?SPEED_FUZZY_SOLVE_FORECAST?SPEEDCONTROL
            CODE    583BH     0145H     UNIT         ?PR?SPEED_FUZZY_QUERY_FE?SPEEDCONTROL
            CODE    5980H     0131H     UNIT         ?PR?SPEED_FUZZY_QUERY_FORECAST?SPEEDCONTROL
            CODE    5AB1H     0121H     UNIT         ?PR?_LCD_SHOWINT16?SEEKFREE_18TFT
            CODE    5BD2H     011BH     UNIT         ?PR?_SHOWIMAGE?SEEKFREE_18TFT
            CODE    5CEDH     0117H     UNIT         ?PR?_PWM_DUTY?ZF_PWM
            CODE    5E04H     0113H     UNIT         ?PR?_SPI_INIT?ZF_SPI
            CODE    5F17H     010FH     UNIT         ?PR?TM0_ROUNTINE?MAIN
            CODE    6026H     0100H     UNIT         ?PR?ANGLECALCULATE?CONTROL
            CODE    6126H     00FBH     UNIT         ?PR?_SETMOTORVOLTAGE?CONTROL
            CODE    6221H     00F9H     UNIT         ?PR?_PRINTF_REVERSE_ORDER?SEEKFREE_PRINTF
            CODE    631AH     00F9H     UNIT         ?PR?RD_AD_VALUE?CONTROL
            CODE    6413H     00EEH     UNIT         ?PR?_LCD_SHOWINT32?SEEKFREE_18TFT
            CODE    6501H     00EAH     UNIT         ?PR?_OLED_PRINTF_INT32?SEEKFREE_OLED
            CODE    65EBH     00E0H     UNIT         ?PR?_LCD_SHOWCHAR?SEEKFREE_18TFT
            CODE    66CBH     00DFH     UNIT         ?PR?_PCA_INIT_INTERRUPT_MS?ZF_PCA_PIT
            CODE    67AAH     00DDH     UNIT         ?PR?_SPI_CHANGE_PIN?ZF_SPI
            CODE    6887H     00DAH     UNIT         ?PR?_LCD_SHOWINT8?SEEKFREE_18TFT
            CODE    6961H     00CFH     UNIT         ?PR?_OLED_PRINT_CHINESE?SEEKFREE_OLED
            CODE    6A30H     00CCH     UNIT         ?PR?_OLED_P8X16STR?SEEKFREE_OLED
            CODE    6AFCH     00BDH     UNIT         ?PR?OUTPUT_VCAN?CONTROL
            CODE    6BB9H     00BBH     UNIT         ?PR?DISTANCE?CCD_JUDGE
            CODE    6C74H     00B7H     UNIT         ?PR?SPEED_FUZZY_SOLVE_FE?SPEEDCONTROL
            CODE    6D2BH     00B5H     UNIT         ?PR?_LCD_SHOWUINT16?SEEKFREE_18TFT
            CODE    6DE0H     00ACH     UNIT         ?PR?_SEEKFREE_WIRELESS_SEND_BUFF?SEEKFREE_WIRELESS
            CODE    6E8CH     00A6H     UNIT         ?PR?OLED_INIT?SEEKFREE_OLED
            CODE    6F32H     00A3H     UNIT         ?PR?_DATA_CONVERSION?SEEKFREE_VIRSCO
            CODE    6FD5H     0097H     UNIT         ?PR?_CCD_SEND_DATA?SEEKFREE_TSL1401
            CODE    706CH     0097H     UNIT         ?PR?MOTOROUTPUT?CONTROL
            CODE    7103H     0091H     UNIT         ?PR?_CRC_CHECK?SEEKFREE_VIRSCO
            CODE    7194H     0091H     UNIT         ?PR?ZEBRA_JUDGE?CCD_JUDGE
            CODE    7225H     0090H     UNIT         ?PR?_OLED_P6X8STR?SEEKFREE_OLED
            CODE    72B5H     008DH     UNIT         ?PR?_PIT_TIMER_MS?ZF_TIM
            CODE    7342H     008CH     UNIT         ?C_C51STARTUP
            CODE    73CEH     008BH     UNIT         ?PR?_IIC_READ_REG_BYTES?ZF_IIC
            CODE    7459H     0083H     UNIT         ?PR?_NVIC_SETPRIORITY?ZF_NVIC
            CODE    74DCH     0082H     UNIT         ?PR?_OLED_HEXASCII?SEEKFREE_OLED
            CODE    755EH     0079H     UNIT         ?PR?_SIMIIC_READ_REGS?SEEKFREE_IIC
            CODE    75D7H     0077H     UNIT         ?PR?_LCD_SHOWUINT8?SEEKFREE_18TFT
            CODE    764EH     0076H     UNIT         ?PR?_LCD_SHOWSTR?SEEKFREE_18TFT
            CODE    76C4H     0076H     UNIT         ?PR?ICM20602_INIT_SPI?SEEKFREE_ICM20602
            CODE    773AH     0075H     UNIT         ?PR?_OLED_INT16?SEEKFREE_OLED
            CODE    77AFH     0074H     UNIT         ?PR?_PCA_RELOAD_COUNTER?ZF_PCA_PIT
            CODE    7823H     0074H     UNIT         ?PR?PCA_ISR?ISR
            CODE    7897H     006EH     UNIT         ?PR?_IIC_READ_REG?ZF_IIC
            CODE    7905H     0066H     UNIT         ?PR?ICM20602_INIT_SIMIIC?SEEKFREE_ICM20602
            CODE    796BH     0061H     UNIT         ?PR?_LCD_SET_REGION?SEEKFREE_18TFT
            CODE    79CCH     0061H     UNIT         ?PR?UARTISR?ISR
            CODE    7A2DH     0060H     UNIT         ?PR?_PCA_INIT?ZF_PCA_PIT
BL51 BANKED LINKER/LOCATER V6.22.2.0                                                  09/29/2020  14:48:27  PAGE 6


            CODE    7A8DH     005DH     UNIT         ?PR?ANGLECONTROL?CONTROL
            CODE    7AEAH     005CH     UNIT         ?PR?SPEEDCONTROL_FORECAST?SPEEDCONTROL
            CODE    7B46H     005BH     UNIT         ?PR?_GPIO_PULL_SET?ZF_GPIO
            CODE    7BA1H     005BH     UNIT         ?PR?_LCD_CLEAR?SEEKFREE_18TFT
            CODE    7BFCH     005AH     UNIT         ?PR?BOARD_INIT?BOARD
            CODE    7C56H     0059H     UNIT         ?PR?_IIC_WRITE_REG?ZF_IIC
            CODE    7CAFH     0058H     UNIT         ?PR?PWM_INITIALIZATION?ALL_INIT
            CODE    7D07H     0055H     UNIT         ?PR?TM1_ROUNTINE?MAIN
            CODE    7D5CH     0053H     UNIT         ?PR?ICM20602_INIT_SIMSPI?SEEKFREE_ICM20602
            CODE    7DAFH     0052H     UNIT         ?PR?_ICM_SPI_R_REG_BYTES?SEEKFREE_ICM20602
            CODE    7E01H     004DH     UNIT         ?PR?GET_ICM20602_ACCDATA_SIMIIC?SEEKFREE_ICM20602
            CODE    7E4EH     004DH     UNIT         ?PR?GET_ICM20602_GYRO_SIMIIC?SEEKFREE_ICM20602
            CODE    7E9BH     004BH     UNIT         ?PR?_UART_PUTCHAR?ZF_UART
            CODE    7EE6H     0049H     UNIT         ?PR?_ADC_INIT?ZF_ADC
            CODE    7F2FH     0049H     UNIT         ?PR?_CTIMER_COUNT_CLEAN?ZF_TIM
            CODE    7F78H     0048H     UNIT         ?PR?GET_ICM20602_ACCDATA_SIMSPI?SEEKFREE_ICM20602
            CODE    7FC0H     0048H     UNIT         ?PR?GET_ICM20602_GYRO_SIMSPI?SEEKFREE_ICM20602
            CODE    8008H     0048H     UNIT         ?PR?GET_ICM20602_ACCDATA_SPI?SEEKFREE_ICM20602
            CODE    8050H     0048H     UNIT         ?PR?GET_ICM20602_GYRO_SPI?SEEKFREE_ICM20602
            CODE    8098H     0047H     UNIT         ?PR?_IIC_INIT?ZF_IIC
            CODE    80DFH     0047H     UNIT         ?PR?CCD_COLLECT?SEEKFREE_TSL1401
            CODE    8126H     0046H     UNIT         ?PR?_CTIMER_COUNT_READ?ZF_TIM
            CODE    816CH     0046H     UNIT         ?PR?GETMOTORPULSE?CONTROL
            CODE    81B2H     0045H     UNIT         ?PR?_IAP_READ_BYTES?ZF_EEPROM
            CODE    81F7H     0045H     UNIT         ?PR?_IAP_WRITE_BYTES?ZF_EEPROM
            CODE    823CH     0044H     UNIT         ?C?LDIV
            CODE    8280H     0043H     UNIT         ?PR?_KEY_INIT?KEY
            CODE    82C3H     0042H     UNIT         ?PR?_CTIMER_COUNT_INIT?ZF_TIM
            CODE    8305H     0042H     UNIT         ?PR?_LCD_DRAWPOINT?SEEKFREE_18TFT
            CODE    8347H     0041H     UNIT         ?PR?ENCODER_ANGLE_SPI?SEEKFREE_ABSOLUTE_ENCODER
            CODE    8388H     0040H     UNIT         ?PR?_ICM_SIMSPI_R_REG_BYTES?SEEKFREE_ICM20602
            CODE    83C8H     0040H     UNIT         ?PR?SPEEDCONTROLOUTPUT?CONTROL
            CODE    8408H     003FH     UNIT         ?PR?DIRECTIONCONTROLOUTPUT?CONTROL
            CODE    8447H     003EH     UNIT         ?PR?_ENCODER_SPI_W_REG_BYTE?SEEKFREE_ABSOLUTE_ENCODER
            CODE    8485H     003BH     UNIT         ?PR?_SIMIIC_READ_REG?SEEKFREE_IIC
            CODE    84C0H     0038H     UNIT         ?PR?_SET_ZERO_POSITION_SIMSPI?SEEKFREE_ABSOLUTE_ENCODER
            CODE    84F8H     0038H     UNIT         ?PR?_SET_ZERO_POSITION_SPI?SEEKFREE_ABSOLUTE_ENCODER
            CODE    8530H     0037H     UNIT         ?PR?WAIT?ZF_IIC
            CODE    8567H     0037H     UNIT         ?PR?_OLED_FILL?SEEKFREE_OLED
            CODE    859EH     0037H     UNIT         ?PR?CHUKU?CCD_JUDGE
            CODE    85D5H     0035H     UNIT         ?PR?_READ_CH?SEEKFREE_IIC
            CODE    860AH     0035H     UNIT         ?CO?TEST
            CODE    863FH     0034H     UNIT         ?PR?_EXIT_INIT?ZF_EXTI
            CODE    8673H     0033H     UNIT         ?PR?GPIO_INITIALIZATION?ALL_INIT
            CODE    86A6H     0032H     UNIT         ?PR?_SIMSPI_WR_BYTE?SEEKFREE_ABSOLUTE_ENCODER
            CODE    86D8H     0030H     UNIT         ?PR?_ENCODER_SIMSPI_R_REG_BYTE?SEEKFREE_ABSOLUTE_ENCODER
            CODE    8708H     0030H     UNIT         ?PR?UART2ISR?ISR
            CODE    8738H     0030H     UNIT         ?PR?UART3ISR?ISR
            CODE    8768H     0030H     UNIT         ?PR?UART4ISR?ISR
            CODE    8798H     0030H     UNIT         ?PR?MAIN?MAIN
            CODE    87C8H     002DH     UNIT         ?PR?_OLED_WRCMD?SEEKFREE_OLED
            CODE    87F5H     002CH     UNIT         ?PR?_ENCODER_SPI_R_REG_BYTE?SEEKFREE_ABSOLUTE_ENCODER
            CODE    8821H     002BH     UNIT         ?PR?_ADC_ONCE?ZF_ADC
            CODE    884CH     002AH     UNIT         ?PR?ADC_INITIALIZATION?ALL_INIT
            CODE    8876H     002AH     UNIT         ?PR?_OLED_WRDAT?SEEKFREE_OLED
            CODE    88A0H     0029H     UNIT         ?PR?PCA_DEALY_INIT?ZF_PCA_DELAY
            CODE    88C9H     0028H     UNIT         ?PR?_UART_PUTBUFF?ZF_UART
BL51 BANKED LINKER/LOCATER V6.22.2.0                                                  09/29/2020  14:48:27  PAGE 7


            CODE    88F1H     0028H     UNIT         ?PR?_UART_PUTSTR?ZF_UART
            CODE    8919H     0028H     UNIT         ?PR?_ICM_SIMSPI_WR_BYTE?SEEKFREE_ICM20602
            CODE    8941H     0026H     UNIT         ?PR?ENCODER_INIT_SPI?SEEKFREE_ABSOLUTE_ENCODER
            CODE    8967H     0026H     UNIT         ?PR?_SEND_CH?SEEKFREE_IIC
            CODE    898DH     0026H     UNIT         ?PR?_OLED_UINT16?SEEKFREE_OLED
            CODE    89B3H     0025H     UNIT         ?PR?_ENCODER_SIMSPI_W_REG_BYTE?SEEKFREE_ABSOLUTE_ENCODER
            CODE    89D8H     0025H     UNIT         ?PR?ICM20602_SELF1_CHECK?SEEKFREE_ICM20602
            CODE    89FDH     0025H     UNIT         ?PR?_OLED_WR6DAT?SEEKFREE_OLED
            CODE    8A22H     0023H     UNIT         ?PR?_LCD_WRITEDATA_16BIT?SEEKFREE_18TFT
            CODE    8A45H     0022H     UNIT         ?PR?ICM20602_SELF3_CHECK?SEEKFREE_ICM20602
            CODE    8A67H     0021H     UNIT         ?PR?_KEY_CHECK?KEY
            CODE    8A88H     0021H     UNIT         ?PR?ENCODER_ANGLE_SIMSPI?SEEKFREE_ABSOLUTE_ENCODER
            CODE    8AA9H     001EH     UNIT         ?PR?IAP_SET_TPS?ZF_EEPROM
            CODE    8AC7H     001EH     UNIT         ?PR?_OLED_PUTPIXEL?SEEKFREE_OLED
            CODE    8AE5H     001EH     UNIT         ?PR?_OLED_CLRPIXEL?SEEKFREE_OLED
            CODE    8B03H     001DH     UNIT         ?PR?SEND_ACK?ZF_IIC
            CODE    8B20H     001DH     UNIT         ?PR?PCA_DELAY?ZF_PCA_DELAY
            CODE    8B3DH     001DH     UNIT         ?PR?_SPI_R_REG_BYTE?SEEKFREE_ABSOLUTE_ENCODER
            CODE    8B5AH     001DH     UNIT         ?PR?_ICM_SPI_R_REG_BYTE?SEEKFREE_ICM20602
            CODE    8B77H     001DH     UNIT         ?PR?STOP_CAR?CCD_JUDGE
            CODE    8B94H     001CH     UNIT         ?PR?_SIMIIC_WRITE_REG?SEEKFREE_IIC
            CODE    8BB0H     001BH     UNIT         ?PR?_SPI_CHANGE_MODE?ZF_SPI
            CODE    8BCBH     001AH     UNIT         ?PR?_SIMIIC_SENDACK?SEEKFREE_IIC
            CODE    8BE5H     0019H     UNIT         ?PR?_ENCODER_DELAY_US?SEEKFREE_ABSOLUTE_ENCODER
            CODE    8BFEH     0019H     UNIT         ?PR?_SPI_W_REG_BYTE?SEEKFREE_ABSOLUTE_ENCODER
            CODE    8C17H     0019H     UNIT         ?PR?SEEKFREE_WIRELESS_INIT?SEEKFREE_WIRELESS
            CODE    8C30H     0017H     UNIT         ?PR?_DELAY_MS?ZF_DELAY
            CODE    8C47H     0017H     UNIT         ?PR?START?ZF_IIC
            CODE    8C5EH     0016H     UNIT         ?PR?SIMIIC_DELAY?SEEKFREE_IIC
            CODE    8C74H     0016H     UNIT         ?PR?SCCB_WAITACK?SEEKFREE_IIC
            CODE    8C8AH     0015H     UNIT         ?PR?_SIMSPI_R_REG_BYTE?SEEKFREE_ABSOLUTE_ENCODER
            CODE    8C9FH     0015H     UNIT         ?PR?_ICM_SPI_W_REG_BYTE?SEEKFREE_ICM20602
            CODE    8CB4H     0014H     UNIT         ?PR?_PCA_DELAY_MS?ZF_PCA_DELAY
            CODE    8CC8H     0014H     UNIT         ?PR?ENCODER_SELF4_CHECK?SEEKFREE_ABSOLUTE_ENCODER
            CODE    8CDCH     0014H     UNIT         ?PR?ENCODER_SELF5_CHECK?SEEKFREE_ABSOLUTE_ENCODER
            CODE    8CF0H     0014H     UNIT         ?PR?ICM20602_SELF4_CHECK?SEEKFREE_ICM20602
            CODE    8D04H     0014H     UNIT         ?PR?_OLED_SET_POS?SEEKFREE_OLED
            CODE    8D18H     0013H     UNIT         ?PR?_DELAY_US?ZF_DELAY
            CODE    8D2BH     0013H     UNIT         ?PR?_IIC_DELAY_US?ZF_IIC
            CODE    8D3EH     0012H     UNIT         ?PR?_KEY_GET?KEY
            CODE    8D50H     0012H     UNIT         ?PR?_SEND_DATA?ZF_IIC
            CODE    8D62H     0012H     UNIT         ?PR?_PCA_GET?ZF_PCA_PIT
            CODE    8D74H     0011H     UNIT         ?PR?_PUTCHAR?BOARD
            CODE    8D85H     0011H     UNIT         ?PR?_SIMSPI_W_REG_BYTE?SEEKFREE_ABSOLUTE_ENCODER
            CODE    8D96H     0011H     UNIT         ?PR?_SPI_WR_BYTE?SEEKFREE_ABSOLUTE_ENCODER
            CODE    8DA7H     0011H     UNIT         ?PR?_ICM_SPI_WR_BYTE?SEEKFREE_ICM20602
            CODE    8DB8H     0010H     UNIT         ?PR?_IAP_ERASE_PAGE?ZF_EEPROM
            CODE    8DC8H     0010H     UNIT         ?PR?ENCODER_INIT_SIMSPI?SEEKFREE_ABSOLUTE_ENCODER
            CODE    8DD8H     0010H     UNIT         ?PR?CCD_INIT?SEEKFREE_TSL1401
            CODE    8DE8H     000FH     UNIT         ?PR?RECV_DATA?ZF_IIC
            CODE    8DF7H     000FH     UNIT         ?PR?SEND_NAK?ZF_IIC
            CODE    8E06H     000FH     UNIT         ?PR?_ICM_SIMSPI_R_REG_BYTE?SEEKFREE_ICM20602
            CODE    8E15H     000FH     UNIT         ?PR?SIMIIC_START?SEEKFREE_IIC
            CODE    8E24H     000EH     UNIT         ?PR?IAP_GET_CMD_STATE?ZF_EEPROM
            CODE    8E32H     000DH     UNIT         ?PR?_ICM_SIMSPI_W_REG_BYTE?SEEKFREE_ICM20602
            CODE    8E3FH     000AH     UNIT         ?PR?CTIMER_COUNT_INITIALIZATION?ALL_INIT
            CODE    8E49H     000AH     UNIT         ?PR?_PCA_CLEAN?ZF_PCA_PIT
BL51 BANKED LINKER/LOCATER V6.22.2.0                                                  09/29/2020  14:48:27  PAGE 8


            CODE    8E53H     000AH     UNIT         ?PR?_LCD_WRITEINDEX?SEEKFREE_18TFT
            CODE    8E5DH     000AH     UNIT         ?PR?_LCD_WRITEDATA?SEEKFREE_18TFT
            CODE    8E67H     000AH     UNIT         ?PR?SIMIIC_STOP?SEEKFREE_IIC
            CODE    8E71H     000AH     UNIT         ?CO?SEEKFREE_OLED
            CODE    8E7BH     0009H     UNIT         ?PR?ICM_20602_INITIALIZATION?ALL_INIT
            CODE    8E84H     0009H     UNIT         ?PR?RECV_ACK?ZF_IIC
            CODE    8E8DH     0009H     UNIT         ?PR?STOP?ZF_IIC
            CODE    8E96H     0006H     UNIT         ?PR?IAP_INIT?ZF_EEPROM
            CODE    8E9CH     0006H     UNIT         ?CO?SEEKFREE_18TFT



OVERLAY MAP OF MODULE:   .\Out_File\ZLJN (BOARD)


SEGMENT                                            XDATA_GROUP
  +--> CALLED SEGMENT                            START    LENGTH
----------------------------------------------------------------
?PR?TM0_ROUNTINE?MAIN                            -----    -----
  +--> ?PR?GETMOTORPULSE?CONTROL
  +--> ?PR?RD_AD_VALUE?CONTROL
  +--> ?PR?ANGLECALCULATE?CONTROL
  +--> ?PR?ANGLECONTROL?CONTROL
  +--> ?PR?MOTOROUTPUT?CONTROL
  +--> ?PR?SPEEDCONTROLOUTPUT?CONTROL
  +--> ?PR?SPEEDCONTROL?CONTROL
  +--> ?PR?GET_AD_DATE?CONTROL
  +--> ?PR?DIRECTIONCONTROLOUTPUT?CONTROL
  +--> ?PR?DIRECTIONCONTROL?CONTROL

?PR?GETMOTORPULSE?CONTROL                        -----    -----
  +--> ?PR?_CTIMER_COUNT_READ?ZF_TIM
  +--> ?PR?_CTIMER_COUNT_CLEAN?ZF_TIM

?PR?RD_AD_VALUE?CONTROL                          0278H    0002H

?PR?ANGLECALCULATE?CONTROL                       0278H    0004H

?PR?MOTOROUTPUT?CONTROL                          0278H    0008H
  +--> ?PR?MOTORSPEEDOUT?CONTROL

?PR?MOTORSPEEDOUT?CONTROL                        0280H    0008H
  +--> ?PR?_SETMOTORVOLTAGE?CONTROL

?PR?_SETMOTORVOLTAGE?CONTROL                     0288H    0008H
  +--> ?PR?_PWM_DUTY?ZF_PWM
  +--> ?PR?_PCA_DELAY_MS?ZF_PCA_DELAY

?PR?_PWM_DUTY?ZF_PWM                             0290H    0005H

?PR?_PCA_DELAY_MS?ZF_PCA_DELAY                   -----    -----
  +--> ?PR?PCA_DELAY?ZF_PCA_DELAY

?PR?SPEEDCONTROL?CONTROL                         0278H    000CH

?PR?GET_AD_DATE?CONTROL                          0278H    002EH
  +--> ?PR?_ADC_ONCE?ZF_ADC
BL51 BANKED LINKER/LOCATER V6.22.2.0                                                  09/29/2020  14:48:27  PAGE 9



?PR?DIRECTIONCONTROL?CONTROL                     0278H    0016H
  +--> ?PR?SPEED_FUZZY_MEM_CAL_FORECAST?SPEE...
  +--> ?PR?SPEED_FUZZY_QUERY_FORECAST?SPEEDC...
  +--> ?PR?SPEED_FUZZY_SOLVE_FORECAST?SPEEDC...
  +--> ?PR?SPEEDCONTROL_FORECAST?SPEEDCONTROL
  +--> ?PR?SPEED_FUZZY_MEM_CAL_FE?SPEEDCONTROL
  +--> ?PR?SPEED_FUZZY_QUERY_FE?SPEEDCONTROL
  +--> ?PR?SPEED_FUZZY_SOLVE_FE?SPEEDCONTROL

*** NEW ROOT ***************************************************

?PR?TM1_ROUNTINE?MAIN                            -----    -----
  +--> ?PR?CHUKU?CCD_JUDGE
  +--> ?PR?ROUND_JUDGE?YUANSU
  +--> ?PR?ZEBRA_JUDGE?CCD_JUDGE
  +--> ?PR?DISTANCE?CCD_JUDGE
  +--> ?PR?STOP_CAR?CCD_JUDGE

?PR?ZEBRA_JUDGE?CCD_JUDGE                        02A6H    0005H
  +--> ?PR?CCD_INIT?SEEKFREE_TSL1401
  +--> ?PR?CCD_COLLECT?SEEKFREE_TSL1401
  +--> ?PR?_CCD_SEND_DATA?SEEKFREE_TSL1401

?PR?CCD_INIT?SEEKFREE_TSL1401                    -----    -----
  +--> ?PR?_ADC_INIT?ZF_ADC
  +--> ?PR?_PCA_INIT_INTERRUPT_MS?ZF_PCA_PIT

?PR?_PCA_INIT_INTERRUPT_MS?ZF_PCA_PIT            02ABH    0003H

?PR?CCD_COLLECT?SEEKFREE_TSL1401                 02ABH    0001H
  +--> ?PR?_ADC_ONCE?ZF_ADC

?PR?_CCD_SEND_DATA?SEEKFREE_TSL1401              02ABH    0005H
  +--> ?PR?_UART_PUTCHAR?ZF_UART

*** NEW ROOT ***************************************************

?C_C51STARTUP                                    -----    -----
  +--> ?PR?MAIN?MAIN
  +--> ?C_INITSEG

?PR?MAIN?MAIN                                    02B0H    0002H
  +--> ?PR?DISABLEGLOBALIRQ?BOARD
  +--> ?PR?ALL_INIT?ALL_INIT
  +--> ?PR?ENABLEGLOBALIRQ?BOARD
  +--> ?PR?OLED_VIEW?TEST
  +--> ?PR?OUTPUT_VCAN?CONTROL

?PR?ALL_INIT?ALL_INIT                            -----    -----
  +--> ?PR?GPIO_INITIALIZATION?ALL_INIT
  +--> ?PR?PWM_INITIALIZATION?ALL_INIT
  +--> ?PR?CTIMER_COUNT_INITIALIZATION?ALL_INIT
  +--> ?PR?UART_INITIALIZATION?ALL_INIT
  +--> ?PR?ICM_20602_INITIALIZATION?ALL_INIT
  +--> ?PR?ADC_INITIALIZATION?ALL_INIT
  +--> ?PR?OLED_INITIALIZATION?ALL_INIT
BL51 BANKED LINKER/LOCATER V6.22.2.0                                                  09/29/2020  14:48:27  PAGE 10



?PR?GPIO_INITIALIZATION?ALL_INIT                 -----    -----
  +--> ?PR?BOARD_INIT?BOARD
  +--> ?PR?_KEY_INIT?KEY
  +--> ?PR?_GPIO_MODE?ZF_GPIO

?PR?BOARD_INIT?BOARD                             -----    -----
  +--> ?PR?PCA_DEALY_INIT?ZF_PCA_DELAY
  +--> ?PR?_UART_INIT?ZF_UART

?PR?_UART_INIT?ZF_UART                           02B2H    0008H

?PR?_KEY_INIT?KEY                                02B2H    0001H
  +--> ?PR?_GPIO_MODE?ZF_GPIO

?PR?PWM_INITIALIZATION?ALL_INIT                  -----    -----
  +--> ?PR?_PWM_INIT?ZF_PWM

?PR?_PWM_INIT?ZF_PWM                             02B2H    000CH
  +--> ?PR?_GPIO_MODE?ZF_GPIO

?PR?CTIMER_COUNT_INITIALIZATION?ALL_INIT         -----    -----
  +--> ?PR?_CTIMER_COUNT_INIT?ZF_TIM

?PR?UART_INITIALIZATION?ALL_INIT                 -----    -----
  +--> ?PR?SEEKFREE_WIRELESS_INIT?SEEKFREE_W...

?PR?SEEKFREE_WIRELESS_INIT?SEEKFREE_W...         -----    -----
  +--> ?PR?_UART_INIT?ZF_UART

?PR?ICM_20602_INITIALIZATION?ALL_INIT            -----    -----
  +--> ?PR?ICM20602_INIT_SPI?SEEKFREE_ICM20602
  +--> ?PR?GET_ICM20602_ACCDATA_SPI?SEEKFREE...
  +--> ?PR?GET_ICM20602_GYRO_SPI?SEEKFREE_IC...

?PR?ICM20602_INIT_SPI?SEEKFREE_ICM20602          02B2H    0001H
  +--> ?PR?_PCA_DELAY_MS?ZF_PCA_DELAY
  +--> ?PR?_SPI_INIT?ZF_SPI
  +--> ?PR?ICM20602_SELF3_CHECK?SEEKFREE_ICM...
  +--> ?PR?_ICM_SPI_W_REG_BYTE?SEEKFREE_ICM2...
  +--> ?PR?_ICM_SPI_R_REG_BYTE?SEEKFREE_ICM2...

?PR?_SPI_INIT?ZF_SPI                             02B3H    0007H
  +--> ?PR?_GPIO_MODE?ZF_GPIO
  +--> ?PR?_GPIO_PULL_SET?ZF_GPIO

?PR?ICM20602_SELF3_CHECK?SEEKFREE_ICM...         02B3H    0001H
  +--> ?PR?_ICM_SPI_R_REG_BYTE?SEEKFREE_ICM2...
  +--> ?PR?_PCA_DELAY_MS?ZF_PCA_DELAY

?PR?_ICM_SPI_R_REG_BYTE?SEEKFREE_ICM2...         02B4H    0003H
  +--> ?PR?_ICM_SPI_WR_BYTE?SEEKFREE_ICM20602

?PR?_ICM_SPI_WR_BYTE?SEEKFREE_ICM20602           -----    -----
  +--> ?PR?_SPI_MOSI?ZF_SPI

?PR?_ICM_SPI_W_REG_BYTE?SEEKFREE_ICM2...         02B3H    0001H
BL51 BANKED LINKER/LOCATER V6.22.2.0                                                  09/29/2020  14:48:27  PAGE 11


  +--> ?PR?_ICM_SPI_WR_BYTE?SEEKFREE_ICM20602

?PR?GET_ICM20602_ACCDATA_SPI?SEEKFREE...         02B2H    0006H
  +--> ?PR?_ICM_SPI_R_REG_BYTES?SEEKFREE_ICM...

?PR?_ICM_SPI_R_REG_BYTES?SEEKFREE_ICM...         02B8H    0007H
  +--> ?PR?_ICM_SPI_WR_BYTE?SEEKFREE_ICM20602

?PR?GET_ICM20602_GYRO_SPI?SEEKFREE_IC...         02B2H    0006H
  +--> ?PR?_ICM_SPI_R_REG_BYTES?SEEKFREE_ICM...

?PR?ADC_INITIALIZATION?ALL_INIT                  -----    -----
  +--> ?PR?_ADC_INIT?ZF_ADC

?PR?OLED_INITIALIZATION?ALL_INIT                 -----    -----
  +--> ?PR?OLED_INIT?SEEKFREE_OLED

?PR?OLED_INIT?SEEKFREE_OLED                      -----    -----
  +--> ?PR?_PCA_DELAY_MS?ZF_PCA_DELAY
  +--> ?PR?_OLED_WRCMD?SEEKFREE_OLED
  +--> ?PR?_OLED_FILL?SEEKFREE_OLED
  +--> ?PR?_OLED_SET_POS?SEEKFREE_OLED

?PR?_OLED_FILL?SEEKFREE_OLED                     -----    -----
  +--> ?PR?_OLED_WRCMD?SEEKFREE_OLED
  +--> ?PR?_OLED_WRDAT?SEEKFREE_OLED

?PR?_OLED_SET_POS?SEEKFREE_OLED                  -----    -----
  +--> ?PR?_OLED_WRCMD?SEEKFREE_OLED

?PR?OLED_VIEW?TEST                               02B2H    0002H
  +--> ?PR?_OLED_FILL?SEEKFREE_OLED
  +--> ?CO?TEST
  +--> ?PR?_OLED_P6X8STR?SEEKFREE_OLED
  +--> ?PR?_OLED_UINT16?SEEKFREE_OLED
  +--> ?PR?_KEY_CHECK?KEY
  +--> ?PR?_PCA_DELAY_MS?ZF_PCA_DELAY
  +--> ?PR?_OLED_PRINTF_FLOAT?SEEKFREE_OLED

?PR?_OLED_P6X8STR?SEEKFREE_OLED                  02E3H    0007H
  +--> ?PR?_OLED_SET_POS?SEEKFREE_OLED
  +--> ?CO?SEEKFREE_FONT
  +--> ?PR?_OLED_WRDAT?SEEKFREE_OLED

?PR?_OLED_UINT16?SEEKFREE_OLED                   02B4H    0009H
  +--> ?PR?_OLED_HEXASCII?SEEKFREE_OLED
  +--> ?PR?_OLED_P6X8STR?SEEKFREE_OLED

?PR?_OLED_HEXASCII?SEEKFREE_OLED                 02BDH    0007H

?PR?_KEY_CHECK?KEY                               02B4H    0001H
  +--> ?PR?_KEY_GET?KEY
  +--> ?PR?_PCA_DELAY_MS?ZF_PCA_DELAY

?PR?_OLED_PRINTF_FLOAT?SEEKFREE_OLED             02B4H    002FH
  +--> ?CO?SEEKFREE_OLED
  +--> ?PR?_ZF_SPRINTF?SEEKFREE_PRINTF
BL51 BANKED LINKER/LOCATER V6.22.2.0                                                  09/29/2020  14:48:27  PAGE 12


  +--> ?PR?_OLED_P6X8STR?SEEKFREE_OLED

?PR?_ZF_SPRINTF?SEEKFREE_PRINTF                  02E3H    005CH
  +--> ?PR?_NUMBER_CONVERSION_ASCII?SEEKFREE...
  +--> ?PR?_PRINTF_REVERSE_ORDER?SEEKFREE_PR...

?PR?_NUMBER_CONVERSION_ASCII?SEEKFREE...         033FH    0013H

?PR?_PRINTF_REVERSE_ORDER?SEEKFREE_PR...         033FH    000CH

?PR?OUTPUT_VCAN?CONTROL                          02B2H    000EH
  +--> ?PR?_UART_PUTBUFF?ZF_UART

?PR?_UART_PUTBUFF?ZF_UART                        02C0H    0006H
  +--> ?PR?_UART_PUTCHAR?ZF_UART



SYMBOL TABLE OF MODULE:  .\Out_File\ZLJN (BOARD)

  VALUE           TYPE          NAME
  ----------------------------------

  -------         MODULE        BOARD
  C:0000H         SYMBOL        _ICE_DUMMY_
  D:0093H         PUBLIC        P0M1
  D:0092H         PUBLIC        P1M0
  D:0096H         PUBLIC        P2M0
  D:0091H         PUBLIC        P1M1
  D:0080H         PUBLIC        P0
  D:00B2H         PUBLIC        P3M0
  D:0095H         PUBLIC        P2M1
  D:0090H         PUBLIC        P1
  D:00B4H         PUBLIC        P4M0
  D:00B1H         PUBLIC        P3M1
  D:00A0H         PUBLIC        P2
  D:00CAH         PUBLIC        P5M0
  D:00B3H         PUBLIC        P4M1
  D:00B0H         PUBLIC        P3
  D:00C9H         PUBLIC        P5M1
  D:00C0H         PUBLIC        P4
  D:00C8H         PUBLIC        P5
  B:00A8H.7       PUBLIC        EA
  D:00F9H         PUBLIC        CH
  D:00A2H         PUBLIC        P_SW1
  D:00BAH         PUBLIC        P_SW2
  C:0016H         PUBLIC        EnableGlobalIRQ
  D:00A8H         PUBLIC        IE
  D:00E9H         PUBLIC        CL
  D:00B8H         PUBLIC        IP
  D:00DEH         PUBLIC        ADCCFG
  C:7BFCH         PUBLIC        board_init
  D:00D9H         PUBLIC        CMOD
  D:00D8H         PUBLIC        CCON
  D:0098H         PUBLIC        SCON
  D:0089H         PUBLIC        TMOD
  D:0088H         PUBLIC        TCON
BL51 BANKED LINKER/LOCATER V6.22.2.0                                                  09/29/2020  14:48:27  PAGE 13


  D:00AFH         PUBLIC        IE2
  D:008EH         PUBLIC        AUXR
  D:009FH         PUBLIC        IRTRIM
  C:410EH         PUBLIC        get_clk
  D:009AH         PUBLIC        S2CON
  D:00ACH         PUBLIC        S3CON
  D:0084H         PUBLIC        S4CON
  D:009DH         PUBLIC        IRCBAND
  D:00D0H         PUBLIC        PSW
  C:000EH         PUBLIC        DisableGlobalIRQ
  C:8D74H         PUBLIC        _putchar
  X:06B3H         PUBLIC        sys_clk
  D:0094H         PUBLIC        P0M0
  -------         PROC          GET_CLK
  -------         DO            
  X:06AFH         SYMBOL        temp_count
  -------         ENDDO         
  C:410EH         LINE#         42
  C:410EH         LINE#         43
  C:410EH         LINE#         46
  C:4111H         LINE#         48
  C:4115H         LINE#         49
  C:4143H         LINE#         51
  C:4175H         LINE#         53
  C:4199H         LINE#         55
  C:41B5H         LINE#         56
  C:41BEH         LINE#         57
  C:41DAH         LINE#         58
  C:41E3H         LINE#         59
  C:41FFH         LINE#         60
  C:4208H         LINE#         61
  C:4224H         LINE#         62
  C:422DH         LINE#         63
  C:4249H         LINE#         64
  C:4252H         LINE#         65
  C:426EH         LINE#         66
  C:4277H         LINE#         67
  C:4293H         LINE#         68
  C:429CH         LINE#         69
  C:42B8H         LINE#         70
  C:42C1H         LINE#         71
  C:42DDH         LINE#         72
  C:42E6H         LINE#         73
  C:4302H         LINE#         74
  C:430BH         LINE#         75
  C:4327H         LINE#         76
  C:4330H         LINE#         78
  C:4338H         LINE#         79
  -------         ENDPROC       GET_CLK
  -------         PROC          BOARD_INIT
  C:7BFCH         LINE#         88
  C:7BFCH         LINE#         89
  C:7BFCH         LINE#         94
  C:7C06H         LINE#         106
  C:7C09H         LINE#         107
  C:7C0BH         LINE#         108
  C:7C0DH         LINE#         109
BL51 BANKED LINKER/LOCATER V6.22.2.0                                                  09/29/2020  14:48:27  PAGE 14


  C:7C0FH         LINE#         110
  C:7C11H         LINE#         111
  C:7C13H         LINE#         112
  C:7C15H         LINE#         113
  C:7C17H         LINE#         114
  C:7C19H         LINE#         115
  C:7C1BH         LINE#         116
  C:7C1DH         LINE#         117
  C:7C1FH         LINE#         118
  C:7C21H         LINE#         119
  C:7C23H         LINE#         120
  C:7C25H         LINE#         121
  C:7C27H         LINE#         122
  C:7C29H         LINE#         123
  C:7C2BH         LINE#         124
  C:7C2DH         LINE#         125
  C:7C2FH         LINE#         126
  C:7C31H         LINE#         127
  C:7C33H         LINE#         128
  C:7C35H         LINE#         129
  C:7C37H         LINE#         130
  C:7C39H         LINE#         131
  C:7C3BH         LINE#         132
  C:7C3EH         LINE#         134
  -------         ENDPROC       BOARD_INIT
  -------         PROC          _PUTCHAR
  X:06E0H         SYMBOL        c
  C:8D74H         LINE#         140
  C:8D79H         LINE#         141
  C:8D79H         LINE#         142
  C:8D7FH         LINE#         143
  C:8D84H         LINE#         144
  -------         ENDPROC       _PUTCHAR
  -------         PROC          DISABLEGLOBALIRQ
  C:000EH         LINE#         154
  C:000EH         LINE#         155
  C:000EH         LINE#         156
  C:0010H         LINE#         157
  -------         ENDPROC       DISABLEGLOBALIRQ
  -------         PROC          ENABLEGLOBALIRQ
  C:0016H         LINE#         165
  C:0016H         LINE#         166
  C:0016H         LINE#         167
  C:0018H         LINE#         168
  -------         ENDPROC       ENABLEGLOBALIRQ
  -------         ENDMOD        BOARD

  -------         MODULE        COMMON
  C:0000H         SYMBOL        _ICE_DUMMY_
  D:0080H         PUBLIC        P0
  D:0090H         PUBLIC        P1
  D:00A0H         PUBLIC        P2
  D:00B0H         PUBLIC        P3
  D:00C0H         PUBLIC        P4
  D:00C8H         PUBLIC        P5
  D:00A8H         PUBLIC        IE
  D:00B8H         PUBLIC        IP
BL51 BANKED LINKER/LOCATER V6.22.2.0                                                  09/29/2020  14:48:27  PAGE 15


  D:00D8H         PUBLIC        CCON
  D:0098H         PUBLIC        SCON
  D:0088H         PUBLIC        TCON
  D:00D0H         PUBLIC        PSW
  -------         ENDMOD        COMMON

  -------         MODULE        KEY
  C:0000H         SYMBOL        _ICE_DUMMY_
  D:0080H         PUBLIC        P0
  D:0090H         PUBLIC        P1
  D:00A0H         PUBLIC        P2
  D:00B0H         PUBLIC        P3
  D:00C0H         PUBLIC        P4
  D:00C8H         PUBLIC        P5
  D:00A8H         PUBLIC        IE
  D:00B8H         PUBLIC        IP
  D:00D8H         PUBLIC        CCON
  C:8A67H         PUBLIC        _key_check
  D:0098H         PUBLIC        SCON
  D:0088H         PUBLIC        TCON
  X:063EH         SYMBOL        star_flag
  X:0640H         PUBLIC        KEY_PTxn
  C:8280H         PUBLIC        _key_init
  C:8D3EH         PUBLIC        _key_get
  D:00D0H         PUBLIC        PSW
  -------         PROC          _KEY_INIT
  X:02B2H         SYMBOL        key
  C:8280H         LINE#         16
  C:8285H         LINE#         17
  C:8285H         LINE#         18
  C:828EH         LINE#         19
  C:828EH         LINE#         20
  C:829FH         LINE#         21
  C:829FH         LINE#         23
  C:829FH         LINE#         24
  C:82A5H         LINE#         27
  C:82AFH         LINE#         28
  C:82AFH         LINE#         29
  C:82C0H         LINE#         30
  C:82C2H         LINE#         32
  C:82C2H         LINE#         33
  -------         ENDPROC       _KEY_INIT
  -------         PROC          _KEY_GET
  D:0007H         SYMBOL        key
  C:8D3EH         LINE#         47
  C:8D3EH         LINE#         48
  C:8D3EH         LINE#         49
  C:8D4BH         LINE#         50
  C:8D4BH         LINE#         51
  C:8D4DH         LINE#         52
  C:8D4DH         LINE#         53
  C:8D4FH         LINE#         54
  -------         ENDPROC       _KEY_GET
  -------         PROC          _KEY_CHECK
  X:02B4H         SYMBOL        key
  C:8A67H         LINE#         70
  C:8A6CH         LINE#         71
BL51 BANKED LINKER/LOCATER V6.22.2.0                                                  09/29/2020  14:48:27  PAGE 16


  C:8A6CH         LINE#         72
  C:8A72H         LINE#         73
  C:8A72H         LINE#         74
  C:8A78H         LINE#         75
  C:8A83H         LINE#         76
  C:8A83H         LINE#         77
  C:8A85H         LINE#         78
  C:8A85H         LINE#         79
  C:8A85H         LINE#         80
  C:8A87H         LINE#         81
  -------         ENDPROC       _KEY_CHECK
  -------         ENDMOD        KEY

  -------         MODULE        ALL_INIT
  C:0000H         SYMBOL        _ICE_DUMMY_
  D:0080H         PUBLIC        P0
  D:0090H         PUBLIC        P1
  D:00A0H         PUBLIC        P2
  D:00B0H         PUBLIC        P3
  D:00C0H         PUBLIC        P4
  D:00C8H         PUBLIC        P5
  C:8E3FH         PUBLIC        Ctimer_Count_Initialization
  D:00A8H         PUBLIC        IE
  D:00B8H         PUBLIC        IP
  D:00D8H         PUBLIC        CCON
  C:7CAFH         PUBLIC        PWM_Initialization
  D:0098H         PUBLIC        SCON
  D:0088H         PUBLIC        TCON
  X:06CEH         SYMBOL        star_flag
  C:0026H         PUBLIC        all_init
  C:003EH         PUBLIC        OLED_Initialization
  C:8673H         PUBLIC        GPIO_Initialization
  C:8E7BH         PUBLIC        ICM_20602_Initialization
  C:001EH         PUBLIC        UART_Initialization
  D:00D0H         PUBLIC        PSW
  C:884CH         PUBLIC        ADC_Initialization
  -------         PROC          GPIO_INITIALIZATION
  C:8673H         LINE#         3
  C:8673H         LINE#         4
  C:8673H         LINE#         6
  C:8676H         LINE#         8
  C:867BH         LINE#         9
  C:8680H         LINE#         10
  C:8685H         LINE#         11
  C:868AH         LINE#         13
  C:8691H         LINE#         14
  C:8698H         LINE#         15
  C:869FH         LINE#         17
  -------         ENDPROC       GPIO_INITIALIZATION
  -------         PROC          PWM_INITIALIZATION
  C:7CAFH         LINE#         20
  C:7CAFH         LINE#         21
  C:7CAFH         LINE#         22
  C:7CC5H         LINE#         23
  C:7CDBH         LINE#         24
  C:7CF1H         LINE#         25
  -------         ENDPROC       PWM_INITIALIZATION
BL51 BANKED LINKER/LOCATER V6.22.2.0                                                  09/29/2020  14:48:27  PAGE 17


  -------         PROC          CTIMER_COUNT_INITIALIZATION
  C:8E3FH         LINE#         28
  C:8E3FH         LINE#         29
  C:8E3FH         LINE#         30
  C:8E44H         LINE#         31
  -------         ENDPROC       CTIMER_COUNT_INITIALIZATION
  -------         PROC          UART_INITIALIZATION
  C:001EH         LINE#         34
  C:001EH         LINE#         35
  C:001EH         LINE#         36
  -------         ENDPROC       UART_INITIALIZATION
  -------         PROC          ICM_20602_INITIALIZATION
  C:8E7BH         LINE#         39
  C:8E7BH         LINE#         40
  C:8E7BH         LINE#         42
  C:8E7EH         LINE#         43
  C:8E81H         LINE#         44
  -------         ENDPROC       ICM_20602_INITIALIZATION
  -------         PROC          ADC_INITIALIZATION
  C:884CH         LINE#         47
  C:884CH         LINE#         48
  C:884CH         LINE#         50
  C:8853H         LINE#         51
  C:885AH         LINE#         52
  C:8861H         LINE#         53
  C:8868H         LINE#         54
  C:886FH         LINE#         55
  -------         ENDPROC       ADC_INITIALIZATION
  -------         PROC          OLED_INITIALIZATION
  C:003EH         LINE#         58
  C:003EH         LINE#         59
  C:003EH         LINE#         61
  -------         ENDPROC       OLED_INITIALIZATION
  -------         PROC          ALL_INIT
  C:0026H         LINE#         64
  C:0026H         LINE#         65
  C:0026H         LINE#         66
  C:0029H         LINE#         67
  C:002CH         LINE#         68
  C:002FH         LINE#         69
  C:0032H         LINE#         70
  C:0035H         LINE#         71
  C:0038H         LINE#         72
  -------         ENDPROC       ALL_INIT
  -------         ENDMOD        ALL_INIT

  -------         MODULE        ZF_ADC
  C:0000H         SYMBOL        _ICE_DUMMY_
  D:0093H         PUBLIC        P0M1
  D:0092H         PUBLIC        P1M0
  D:0091H         PUBLIC        P1M1
  D:0080H         PUBLIC        P0
  D:0090H         PUBLIC        P1
  D:00A0H         PUBLIC        P2
  D:00B0H         PUBLIC        P3
  D:00C0H         PUBLIC        P4
  D:00C8H         PUBLIC        P5
BL51 BANKED LINKER/LOCATER V6.22.2.0                                                  09/29/2020  14:48:27  PAGE 18


  D:00A8H         PUBLIC        IE
  D:00BDH         PUBLIC        ADC_RES
  D:00B8H         PUBLIC        IP
  D:00DEH         PUBLIC        ADCCFG
  D:00D8H         PUBLIC        CCON
  C:8821H         PUBLIC        _adc_once
  D:00BCH         PUBLIC        ADC_CONTR
  D:0098H         PUBLIC        SCON
  D:0088H         PUBLIC        TCON
  C:7EE6H         PUBLIC        _adc_init
  D:00BEH         PUBLIC        ADC_RESL
  D:00D0H         PUBLIC        PSW
  D:0094H         PUBLIC        P0M0
  -------         PROC          _ADC_INIT
  D:0007H         SYMBOL        adcn
  D:0005H         SYMBOL        speed
  C:7EE6H         LINE#         32
  C:7EE6H         LINE#         33
  C:7EE6H         LINE#         34
  C:7EE9H         LINE#         36
  C:7EF6H         LINE#         37
  C:7EF6H         LINE#         39
  C:7F08H         LINE#         40
  C:7F0BH         LINE#         41
  C:7F0DH         LINE#         42
  C:7F11H         LINE#         43
  C:7F11H         LINE#         45
  C:7F23H         LINE#         46
  C:7F26H         LINE#         47
  C:7F26H         LINE#         49
  C:7F2BH         LINE#         51
  C:7F2EH         LINE#         52
  -------         ENDPROC       _ADC_INIT
  -------         PROC          _ADC_ONCE
  D:0007H         SYMBOL        adcn
  D:0001H         SYMBOL        resolution
  -------         DO            
  D:0006H         SYMBOL        adc_value
  -------         ENDDO         
  C:8821H         LINE#         63
  C:8823H         LINE#         64
  C:8823H         LINE#         67
  C:8826H         LINE#         68
  C:8829H         LINE#         70
  C:882CH         LINE#         71
  C:8831H         LINE#         72
  C:8834H         LINE#         75
  C:8836H         LINE#         76
  C:8838H         LINE#         77
  C:883CH         LINE#         81
  C:884BH         LINE#         84
  C:884BH         LINE#         85
  -------         ENDPROC       _ADC_ONCE
  -------         ENDMOD        ZF_ADC

  -------         MODULE        ZF_DELAY
  C:0000H         SYMBOL        _ICE_DUMMY_
BL51 BANKED LINKER/LOCATER V6.22.2.0                                                  09/29/2020  14:48:27  PAGE 19


  D:0080H         PUBLIC        P0
  D:0090H         PUBLIC        P1
  D:00A0H         PUBLIC        P2
  D:00B0H         PUBLIC        P3
  D:00C0H         PUBLIC        P4
  D:00C8H         PUBLIC        P5
  D:00A8H         PUBLIC        IE
  D:00B8H         PUBLIC        IP
  D:00D8H         PUBLIC        CCON
  D:0098H         PUBLIC        SCON
  D:0088H         PUBLIC        TCON
  X:06D0H         SYMBOL        star_flag
  C:8C30H         PUBLIC        _delay_ms
  C:8D18H         PUBLIC        _delay_us
  D:00D0H         PUBLIC        PSW
  -------         PROC          _DELAY_MS
  D:0006H         SYMBOL        x
  -------         DO            
  D:0005H         SYMBOL        i
  D:0004H         SYMBOL        j
  -------         ENDDO         
  C:8C30H         LINE#         32
  C:8C30H         LINE#         33
  C:8C30H         LINE#         35
  C:8C3AH         LINE#         36
  C:8C3AH         LINE#         37
  C:8C3BH         LINE#         38
  C:8C3CH         LINE#         39
  C:8C3EH         LINE#         40
  C:8C40H         LINE#         42
  C:8C40H         LINE#         43
  C:8C42H         LINE#         44
  C:8C44H         LINE#         45
  C:8C46H         LINE#         46
  -------         ENDPROC       _DELAY_MS
  -------         PROC          _DELAY_US
  D:0006H         SYMBOL        x
  -------         DO            
  D:0005H         SYMBOL        i
  -------         ENDDO         
  C:8D18H         LINE#         55
  C:8D18H         LINE#         56
  C:8D18H         LINE#         58
  C:8D22H         LINE#         59
  C:8D22H         LINE#         60
  C:8D24H         LINE#         61
  C:8D2AH         LINE#         62
  C:8D2AH         LINE#         63
  -------         ENDPROC       _DELAY_US
  -------         ENDMOD        ZF_DELAY

  -------         MODULE        ZF_EEPROM
  C:0000H         SYMBOL        _ICE_DUMMY_
  D:0080H         PUBLIC        P0
  D:0090H         PUBLIC        P1
  D:00A0H         PUBLIC        P2
  D:00B0H         PUBLIC        P3
BL51 BANKED LINKER/LOCATER V6.22.2.0                                                  09/29/2020  14:48:27  PAGE 20


  D:00C0H         PUBLIC        P4
  D:00C8H         PUBLIC        P5
  D:00A8H         PUBLIC        IE
  D:00C5H         PUBLIC        IAP_CMD
  D:00B8H         PUBLIC        IP
  D:00C3H         PUBLIC        IAP_ADDRH
  C:8AA9H         PUBLIC        iap_set_tps
  D:00D8H         PUBLIC        CCON
  D:00C4H         PUBLIC        IAP_ADDRL
  C:8DB8H         PUBLIC        _iap_erase_page
  D:00F5H         PUBLIC        IAP_TPS
  D:0098H         PUBLIC        SCON
  D:0088H         PUBLIC        TCON
  C:0006H         PUBLIC        iap_idle
  D:00C7H         PUBLIC        IAP_CONTR
  C:81B2H         PUBLIC        _iap_read_bytes
  C:8E96H         PUBLIC        iap_init
  C:81F7H         PUBLIC        _iap_write_bytes
  D:00C2H         PUBLIC        IAP_DATA
  D:00C6H         PUBLIC        IAP_TRIG
  C:8E24H         PUBLIC        iap_get_cmd_state
  D:00D0H         PUBLIC        PSW
  -------         PROC          IAP_INIT
  C:8E96H         LINE#         29
  C:8E96H         LINE#         30
  C:8E96H         LINE#         31
  C:8E99H         LINE#         32
  -------         ENDPROC       IAP_INIT
  -------         PROC          IAP_IDLE
  C:0006H         LINE#         41
  C:0006H         LINE#         42
  C:0006H         LINE#         43
  C:0009H         LINE#         44
  -------         ENDPROC       IAP_IDLE
  -------         PROC          IAP_GET_CMD_STATE
  C:8E24H         LINE#         54
  C:8E24H         LINE#         55
  C:8E24H         LINE#         56
  C:8E31H         LINE#         57
  -------         ENDPROC       IAP_GET_CMD_STATE
  -------         PROC          IAP_SET_TPS
  -------         DO            
  D:0007H         SYMBOL        write_time
  -------         ENDDO         
  C:8AA9H         LINE#         66
  C:8AA9H         LINE#         67
  C:8AA9H         LINE#         69
  C:8AC4H         LINE#         70
  C:8AC6H         LINE#         71
  -------         ENDPROC       IAP_SET_TPS
  -------         PROC          _IAP_READ_BYTES
  D:0004H         SYMBOL        addr
  X:0671H         SYMBOL        buf
  X:0674H         SYMBOL        len
  C:81B2H         LINE#         84
  C:81C1H         LINE#         85
  C:81C1H         LINE#         86
BL51 BANKED LINKER/LOCATER V6.22.2.0                                                  09/29/2020  14:48:27  PAGE 21


  C:81C4H         LINE#         88
  C:81CEH         LINE#         89
  C:81CEH         LINE#         90
  C:81D0H         LINE#         91
  C:81D3H         LINE#         92
  C:81D6H         LINE#         93
  C:81D9H         LINE#         94
  C:81EEH         LINE#         95
  C:81F3H         LINE#         96
  C:81F4H         LINE#         97
  C:81F6H         LINE#         98
  -------         ENDPROC       _IAP_READ_BYTES
  -------         PROC          _IAP_WRITE_BYTES
  D:0004H         SYMBOL        addr
  X:0677H         SYMBOL        buf
  X:067AH         SYMBOL        len
  C:81F7H         LINE#         110
  C:8206H         LINE#         111
  C:8206H         LINE#         112
  C:8209H         LINE#         114
  C:8213H         LINE#         115
  C:8213H         LINE#         116
  C:8215H         LINE#         117
  C:8218H         LINE#         118
  C:822DH         LINE#         119
  C:8232H         LINE#         121
  C:8235H         LINE#         122
  C:8238H         LINE#         123
  C:8239H         LINE#         124
  C:823BH         LINE#         125
  -------         ENDPROC       _IAP_WRITE_BYTES
  -------         PROC          _IAP_ERASE_PAGE
  D:0006H         SYMBOL        addr
  C:8DB8H         LINE#         136
  C:8DB8H         LINE#         137
  C:8DB8H         LINE#         138
  C:8DBBH         LINE#         139
  C:8DBDH         LINE#         140
  C:8DC0H         LINE#         141
  C:8DC3H         LINE#         142
  C:8DC6H         LINE#         143
  C:8DC7H         LINE#         144
  -------         ENDPROC       _IAP_ERASE_PAGE
  -------         ENDMOD        ZF_EEPROM

  -------         MODULE        ZF_EXTI
  C:0000H         SYMBOL        _ICE_DUMMY_
  D:0080H         PUBLIC        P0
  D:0090H         PUBLIC        P1
  D:00A0H         PUBLIC        P2
  D:00B0H         PUBLIC        P3
  D:00C0H         PUBLIC        P4
  D:00C8H         PUBLIC        P5
  D:00A8H         PUBLIC        IE
  D:008FH         PUBLIC        INTCLKO
  D:00B8H         PUBLIC        IP
  D:00D8H         PUBLIC        CCON
BL51 BANKED LINKER/LOCATER V6.22.2.0                                                  09/29/2020  14:48:27  PAGE 22


  D:0098H         PUBLIC        SCON
  D:0088H         PUBLIC        TCON
  B:00A8H.0       PUBLIC        EX0
  B:0088H.0       PUBLIC        IT0
  B:00A8H.2       PUBLIC        EX1
  B:0088H.2       PUBLIC        IT1
  C:863FH         PUBLIC        _exit_init
  D:00D0H         PUBLIC        PSW
  -------         PROC          _EXIT_INIT
  D:0007H         SYMBOL        int_n
  D:0005H         SYMBOL        mode
  C:863FH         LINE#         30
  C:863FH         LINE#         31
  C:863FH         LINE#         32
  C:8642H         LINE#         33
  C:8642H         LINE#         34
  C:8647H         LINE#         35
  C:8649H         LINE#         36
  C:8649H         LINE#         38
  C:864EH         LINE#         39
  C:864EH         LINE#         40
  C:8653H         LINE#         41
  C:8655H         LINE#         42
  C:8655H         LINE#         44
  C:865DH         LINE#         45
  C:865DH         LINE#         46
  C:8660H         LINE#         47
  C:8660H         LINE#         49
  C:8666H         LINE#         50
  C:8666H         LINE#         51
  C:8669H         LINE#         52
  C:8669H         LINE#         54
  C:866FH         LINE#         55
  C:866FH         LINE#         56
  C:8672H         LINE#         57
  C:8672H         LINE#         59
  -------         ENDPROC       _EXIT_INIT
  -------         ENDMOD        ZF_EXTI

  -------         MODULE        ZF_GPIO
  C:0000H         SYMBOL        _ICE_DUMMY_
  D:0093H         PUBLIC        P0M1
  D:0092H         PUBLIC        P1M0
  C:7B46H         PUBLIC        _gpio_pull_set
  D:0096H         PUBLIC        P2M0
  D:0091H         PUBLIC        P1M1
  D:0080H         PUBLIC        P0
  D:00B2H         PUBLIC        P3M0
  D:0095H         PUBLIC        P2M1
  D:0090H         PUBLIC        P1
  D:00B4H         PUBLIC        P4M0
  D:00B1H         PUBLIC        P3M1
  D:00A0H         PUBLIC        P2
  D:00CAH         PUBLIC        P5M0
  D:00B3H         PUBLIC        P4M1
  D:00B0H         PUBLIC        P3
  D:00C9H         PUBLIC        P5M1
BL51 BANKED LINKER/LOCATER V6.22.2.0                                                  09/29/2020  14:48:27  PAGE 23


  D:00C0H         PUBLIC        P4
  D:00C8H         PUBLIC        P5
  D:00A8H         PUBLIC        IE
  D:00B8H         PUBLIC        IP
  D:00D8H         PUBLIC        CCON
  D:0098H         PUBLIC        SCON
  D:0088H         PUBLIC        TCON
  C:399AH         PUBLIC        _gpio_mode
  D:00D0H         PUBLIC        PSW
  D:0094H         PUBLIC        P0M0
  -------         PROC          _GPIO_PULL_SET
  D:0007H         SYMBOL        pin
  D:0005H         SYMBOL        pull
  C:7B46H         LINE#         37
  C:7B46H         LINE#         38
  C:7B46H         LINE#         39
  C:7B4EH         LINE#         40
  C:7B4EH         LINE#         41
  C:7B71H         LINE#         42
  C:7B73H         LINE#         43
  C:7B77H         LINE#         44
  C:7B77H         LINE#         45
  C:7BA0H         LINE#         46
  C:7BA0H         LINE#         47
  -------         ENDPROC       _GPIO_PULL_SET
  -------         PROC          _GPIO_MODE
  D:0007H         SYMBOL        pin
  D:0005H         SYMBOL        mode
  C:399AH         LINE#         58
  C:399AH         LINE#         59
  C:399AH         LINE#         60
  C:39A0H         LINE#         61
  C:39A0H         LINE#         62
  C:39A9H         LINE#         63
  C:39A9H         LINE#         64
  C:39BAH         LINE#         65
  C:39BCH         LINE#         66
  C:39BCH         LINE#         67
  C:39C2H         LINE#         68
  C:39C2H         LINE#         69
  C:39D3H         LINE#         70
  C:39D5H         LINE#         71
  C:39D5H         LINE#         72
  C:39DAH         LINE#         73
  C:39DAH         LINE#         74
  C:39EBH         LINE#         75
  C:39EDH         LINE#         76
  C:39EDH         LINE#         78
  C:39F5H         LINE#         79
  C:39F5H         LINE#         80
  C:3A06H         LINE#         81
  C:3A08H         LINE#         82
  C:3A08H         LINE#         83
  C:3A0EH         LINE#         84
  C:3A0EH         LINE#         85
  C:3A1FH         LINE#         86
  C:3A21H         LINE#         87
BL51 BANKED LINKER/LOCATER V6.22.2.0                                                  09/29/2020  14:48:27  PAGE 24


  C:3A21H         LINE#         88
  C:3A29H         LINE#         89
  C:3A29H         LINE#         90
  C:3A3AH         LINE#         91
  C:3A3CH         LINE#         92
  C:3A3CH         LINE#         93
  C:3A3DH         LINE#         94
  C:3A45H         LINE#         95
  C:3A45H         LINE#         96
  C:3A4EH         LINE#         97
  C:3A4EH         LINE#         98
  C:3A60H         LINE#         99
  C:3A63H         LINE#         100
  C:3A63H         LINE#         101
  C:3A69H         LINE#         102
  C:3A69H         LINE#         103
  C:3A7BH         LINE#         104
  C:3A7EH         LINE#         105
  C:3A7EH         LINE#         106
  C:3A83H         LINE#         107
  C:3A83H         LINE#         108
  C:3A95H         LINE#         109
  C:3A98H         LINE#         110
  C:3A98H         LINE#         112
  C:3AA0H         LINE#         113
  C:3AA0H         LINE#         114
  C:3AB2H         LINE#         115
  C:3AB5H         LINE#         116
  C:3AB5H         LINE#         117
  C:3ABBH         LINE#         118
  C:3ABBH         LINE#         119
  C:3ACDH         LINE#         120
  C:3AD0H         LINE#         121
  C:3AD0H         LINE#         122
  C:3AD8H         LINE#         123
  C:3AD8H         LINE#         124
  C:3AEAH         LINE#         125
  C:3AEAH         LINE#         126
  C:3AEAH         LINE#         127
  C:3AEDH         LINE#         128
  C:3AF5H         LINE#         129
  C:3AF5H         LINE#         130
  C:3AFEH         LINE#         131
  C:3AFEH         LINE#         132
  C:3B0FH         LINE#         133
  C:3B13H         LINE#         134
  C:3B13H         LINE#         135
  C:3B19H         LINE#         136
  C:3B19H         LINE#         137
  C:3B2AH         LINE#         138
  C:3B2EH         LINE#         139
  C:3B2EH         LINE#         140
  C:3B33H         LINE#         141
  C:3B33H         LINE#         142
  C:3B44H         LINE#         143
  C:3B48H         LINE#         144
  C:3B48H         LINE#         146
BL51 BANKED LINKER/LOCATER V6.22.2.0                                                  09/29/2020  14:48:27  PAGE 25


  C:3B50H         LINE#         147
  C:3B50H         LINE#         148
  C:3B61H         LINE#         149
  C:3B65H         LINE#         150
  C:3B65H         LINE#         151
  C:3B6BH         LINE#         152
  C:3B6BH         LINE#         153
  C:3B7CH         LINE#         154
  C:3B80H         LINE#         155
  C:3B80H         LINE#         156
  C:3B88H         LINE#         157
  C:3B88H         LINE#         158
  C:3B99H         LINE#         159
  C:3B9DH         LINE#         160
  C:3B9DH         LINE#         161
  C:3B9EH         LINE#         162
  C:3BA6H         LINE#         163
  C:3BA6H         LINE#         164
  C:3BAEH         LINE#         165
  C:3BAEH         LINE#         166
  C:3BBFH         LINE#         167
  C:3BC2H         LINE#         168
  C:3BC2H         LINE#         169
  C:3BC8H         LINE#         170
  C:3BC8H         LINE#         171
  C:3BD9H         LINE#         172
  C:3BDCH         LINE#         173
  C:3BDCH         LINE#         174
  C:3BE3H         LINE#         175
  C:3BE3H         LINE#         176
  C:3BF4H         LINE#         177
  C:3BF7H         LINE#         178
  C:3BF7H         LINE#         180
  C:3C01H         LINE#         181
  C:3C01H         LINE#         182
  C:3C12H         LINE#         183
  C:3C15H         LINE#         184
  C:3C15H         LINE#         185
  C:3C1BH         LINE#         186
  C:3C1BH         LINE#         187
  C:3C2CH         LINE#         188
  C:3C2FH         LINE#         189
  C:3C2FH         LINE#         190
  C:3C36H         LINE#         191
  C:3C36H         LINE#         192
  C:3C47H         LINE#         193
  C:3C4AH         LINE#         194
  C:3C4AH         LINE#         195
  C:3C4AH         LINE#         196
  -------         ENDPROC       _GPIO_MODE
  -------         ENDMOD        ZF_GPIO

  -------         MODULE        ZF_IIC
  C:0000H         SYMBOL        _ICE_DUMMY_
  D:0080H         PUBLIC        P0
  D:0090H         PUBLIC        P1
  D:00A0H         PUBLIC        P2
BL51 BANKED LINKER/LOCATER V6.22.2.0                                                  09/29/2020  14:48:27  PAGE 26


  D:00B0H         PUBLIC        P3
  D:00C0H         PUBLIC        P4
  D:00C8H         PUBLIC        P5
  D:00BAH         PUBLIC        P_SW2
  D:00A8H         PUBLIC        IE
  D:00B8H         PUBLIC        IP
  D:00D8H         PUBLIC        CCON
  C:8D54H         PUBLIC        _send_data
  C:005EH         PUBLIC        _iic_change_pin
  C:8DE8H         PUBLIC        recv_data
  C:8C55H         PUBLIC        start
  D:0098H         PUBLIC        SCON
  D:0088H         PUBLIC        TCON
  C:8530H         PUBLIC        wait
  C:8B12H         PUBLIC        send_ack
  C:8E84H         PUBLIC        recv_ack
  C:8E8DH         PUBLIC        stop
  C:8DF7H         PUBLIC        send_nak
  C:8098H         PUBLIC        _iic_init
  C:7897H         PUBLIC        _iic_read_reg
  C:73CEH         PUBLIC        _iic_read_reg_bytes
  C:7C56H         PUBLIC        _iic_write_reg
  C:8D2BH         PUBLIC        _iic_delay_us
  D:00D0H         PUBLIC        PSW
  -------         PROC          _IIC_DELAY_US
  D:0006H         SYMBOL        x
  -------         DO            
  D:0005H         SYMBOL        i
  -------         ENDDO         
  C:8D2BH         LINE#         30
  C:8D2BH         LINE#         31
  C:8D2BH         LINE#         33
  C:8D35H         LINE#         34
  C:8D35H         LINE#         35
  C:8D37H         LINE#         36
  C:8D3DH         LINE#         37
  C:8D3DH         LINE#         38
  -------         ENDPROC       _IIC_DELAY_US
  -------         PROC          WAIT
  -------         DO            
  X:06D2H         SYMBOL        count
  D:0004H         SYMBOL        ret
  -------         ENDDO         
  C:8530H         LINE#         47
  C:8530H         LINE#         48
  C:8530H         LINE#         49
  C:8537H         LINE#         50
  C:8538H         LINE#         51
  C:853FH         LINE#         52
  C:853FH         LINE#         53
  C:8546H         LINE#         54
  C:855BH         LINE#         55
  C:855BH         LINE#         56
  C:855DH         LINE#         57
  C:855DH         LINE#         58
  C:855DH         LINE#         59
  C:855DH         LINE#         60
BL51 BANKED LINKER/LOCATER V6.22.2.0                                                  09/29/2020  14:48:27  PAGE 27


  C:8564H         LINE#         61
  C:8566H         LINE#         62
  -------         ENDPROC       WAIT
  -------         PROC          L?0064
  -------         ENDPROC       L?0064
  -------         PROC          START
  -------         DO            
  D:0007H         SYMBOL        ret
  -------         ENDDO         
  C:8C55H         LINE#         70
  C:8C55H         LINE#         71
  C:8C55H         LINE#         73
  C:8C5BH         LINE#         74
  -------         ENDPROC       START
  C:8D50H         SYMBOL        L?0066
  -------         PROC          L?0065
  -------         ENDPROC       L?0065
  C:8D50H         SYMBOL        L?0066
  -------         PROC          _SEND_DATA
  D:0007H         SYMBOL        dat
  -------         DO            
  D:0007H         SYMBOL        ret
  -------         ENDDO         
  C:8D54H         LINE#         84
  C:8D54H         LINE#         85
  C:8D54H         LINE#         87
  C:8D59H         LINE#         88
  C:8D5FH         LINE#         89
  -------         ENDPROC       _SEND_DATA
  -------         PROC          RECV_ACK
  -------         DO            
  D:0007H         SYMBOL        ret
  -------         ENDDO         
  C:8E84H         LINE#         99
  C:8E84H         LINE#         100
  C:8E84H         LINE#         102
  C:8E8AH         LINE#         103
  -------         ENDPROC       RECV_ACK
  -------         PROC          RECV_DATA
  C:8DE8H         LINE#         113
  C:8DE8H         LINE#         114
  C:8DE8H         LINE#         115
  C:8DEEH         LINE#         116
  C:8DF1H         LINE#         117
  C:8DF6H         LINE#         118
  -------         ENDPROC       RECV_DATA
  C:8B06H         SYMBOL        L?0063
  -------         PROC          L?0062
  -------         ENDPROC       L?0062
  C:8B06H         SYMBOL        L?0063
  -------         PROC          SEND_ACK
  -------         DO            
  D:0007H         SYMBOL        ret
  -------         ENDDO         
  C:8B12H         LINE#         126
  C:8B12H         LINE#         127
  C:8B12H         LINE#         129
BL51 BANKED LINKER/LOCATER V6.22.2.0                                                  09/29/2020  14:48:27  PAGE 28


  C:8B17H         LINE#         130
  C:8B1DH         LINE#         131
  -------         ENDPROC       SEND_ACK
  -------         PROC          SEND_NAK
  C:8DF7H         LINE#         141
  C:8DF7H         LINE#         142
  C:8DF7H         LINE#         143
  C:8DFDH         LINE#         144
  C:8E03H         LINE#         145
  -------         ENDPROC       SEND_NAK
  -------         PROC          STOP
  -------         DO            
  D:0007H         SYMBOL        ret
  -------         ENDDO         
  C:8E8DH         LINE#         154
  C:8E8DH         LINE#         155
  C:8E8DH         LINE#         157
  C:8E93H         LINE#         158
  -------         ENDPROC       STOP
  -------         PROC          _IIC_INIT
  D:0007H         SYMBOL        iic_n
  X:0646H         SYMBOL        scl_pin
  X:0647H         SYMBOL        sda_pin
  X:0648H         SYMBOL        wait_time
  C:8098H         LINE#         169
  C:8098H         LINE#         170
  C:8098H         LINE#         171
  C:8098H         LINE#         172
  C:8098H         LINE#         173
  C:809BH         LINE#         174
  C:809EH         LINE#         175
  C:80AAH         LINE#         176
  C:80AAH         LINE#         177
  C:80AAH         LINE#         178
  C:80AAH         LINE#         179
  C:80ACH         LINE#         180
  C:80ACH         LINE#         181
  C:80AFH         LINE#         182
  C:80B1H         LINE#         183
  C:80B1H         LINE#         184
  C:80B4H         LINE#         185
  C:80B6H         LINE#         186
  C:80B6H         LINE#         187
  C:80B9H         LINE#         188
  C:80B9H         LINE#         189
  C:80B9H         LINE#         191
  C:80C0H         LINE#         192
  C:80C4H         LINE#         193
  C:80D9H         LINE#         194
  C:80DEH         LINE#         195
  -------         ENDPROC       _IIC_INIT
  -------         PROC          _IIC_WRITE_REG
  X:06E1H         SYMBOL        dev_add
  D:0001H         SYMBOL        reg
  D:0003H         SYMBOL        dat
  C:7C56H         LINE#         207
  C:7C5DH         LINE#         208
BL51 BANKED LINKER/LOCATER V6.22.2.0                                                  09/29/2020  14:48:27  PAGE 29


  C:7C5DH         LINE#         209
  C:7C63H         LINE#         210
  C:7C66H         LINE#         211
  C:7C6FH         LINE#         212
  C:7C72H         LINE#         213
  C:7C78H         LINE#         214
  C:7C7BH         LINE#         215
  C:7C83H         LINE#         216
  C:7C86H         LINE#         217
  C:7C8CH         LINE#         218
  C:7C8FH         LINE#         219
  C:7C97H         LINE#         220
  C:7C9AH         LINE#         221
  C:7CA0H         LINE#         222
  C:7CA3H         LINE#         223
  C:7CA9H         LINE#         224
  C:7CACH         LINE#         227
  C:7CAEH         LINE#         228
  -------         ENDPROC       _IIC_WRITE_REG
  -------         PROC          _IIC_READ_REG
  X:06A5H         SYMBOL        dev_add
  X:06A6H         SYMBOL        reg
  X:06A7H         SYMBOL        dat
  C:7897H         LINE#         240
  C:789AH         LINE#         241
  C:789AH         LINE#         242
  C:78A0H         LINE#         243
  C:78A3H         LINE#         245
  C:78ACH         LINE#         246
  C:78AFH         LINE#         247
  C:78B5H         LINE#         248
  C:78B8H         LINE#         250
  C:78C3H         LINE#         251
  C:78C6H         LINE#         252
  C:78CCH         LINE#         253
  C:78CFH         LINE#         259
  C:78DEH         LINE#         260
  C:78E1H         LINE#         262
  C:78E7H         LINE#         263
  C:78EAH         LINE#         266
  C:78F0H         LINE#         269
  C:78F6H         LINE#         270
  C:78F9H         LINE#         272
  C:78FFH         LINE#         273
  C:7902H         LINE#         275
  C:7904H         LINE#         276
  -------         ENDPROC       _IIC_READ_REG
  -------         PROC          _IIC_READ_REG_BYTES
  X:067BH         SYMBOL        dev_add
  X:067CH         SYMBOL        reg
  X:067DH         SYMBOL        dat
  X:0680H         SYMBOL        num
  C:73CEH         LINE#         289
  C:73D1H         LINE#         291
  C:73D1H         LINE#         293
  C:73D7H         LINE#         294
  C:73DAH         LINE#         296
BL51 BANKED LINKER/LOCATER V6.22.2.0                                                  09/29/2020  14:48:27  PAGE 30


  C:73E3H         LINE#         297
  C:73E6H         LINE#         298
  C:73ECH         LINE#         299
  C:73EFH         LINE#         301
  C:73FAH         LINE#         302
  C:73FDH         LINE#         303
  C:7403H         LINE#         304
  C:7406H         LINE#         306
  C:7415H         LINE#         307
  C:7418H         LINE#         308
  C:741EH         LINE#         309
  C:7421H         LINE#         311
  C:7429H         LINE#         312
  C:7429H         LINE#         313
  C:742CH         LINE#         314
  C:7432H         LINE#         315
  C:7432H         LINE#         316
  C:7435H         LINE#         317
  C:7435H         LINE#         318
  C:743FH         LINE#         319
  C:7441H         LINE#         321
  C:7444H         LINE#         323
  C:744AH         LINE#         324
  C:744DH         LINE#         326
  C:7453H         LINE#         327
  C:7456H         LINE#         329
  C:7458H         LINE#         330
  -------         ENDPROC       _IIC_READ_REG_BYTES
  -------         PROC          _IIC_CHANGE_PIN
  D:0007H         SYMBOL        iic_n
  X:0001H         SYMBOL        scl_pin
  X:0002H         SYMBOL        sda_pin
  C:005EH         LINE#         340
  C:005EH         LINE#         341
  C:005EH         LINE#         342
  C:005EH         LINE#         343
  C:005EH         LINE#         344
  C:0061H         LINE#         346
  C:0064H         LINE#         347
  C:0070H         LINE#         348
  C:0070H         LINE#         349
  C:0070H         LINE#         350
  C:0070H         LINE#         351
  C:0072H         LINE#         352
  C:0072H         LINE#         353
  C:0075H         LINE#         354
[...]
  X:056EH         PUBLIC        right_huandao_distance
  D:00B8H         PUBLIC        IP
  X:0572H         PUBLIC        left_huandao_distance_flag
  C:859EH         PUBLIC        chuku
  X:0574H         PUBLIC        left_huandao_distance
  D:00D8H         PUBLIC        CCON
  D:0098H         PUBLIC        SCON
  D:0088H         PUBLIC        TCON
  X:0578H         SYMBOL        star_flag
  X:057AH         PUBLIC        ruku_flag
  C:6BB9H         PUBLIC        distance
  X:057CH         PUBLIC        chuku_distance_flag
  X:057EH         PUBLIC        chuku_distance
  C:8B77H         PUBLIC        stop_car
BL51 BANKED LINKER/LOCATER V6.22.2.0                                                  09/29/2020  14:48:27  PAGE 106


  X:057FH         PUBLIC        ruku_distance_flag
  X:0581H         PUBLIC        ruku_distance
  D:00D0H         PUBLIC        PSW
  -------         PROC          ZEBRA_JUDGE
  -------         DO            
  X:02A6H         SYMBOL        max
  X:02A7H         SYMBOL        i
  X:02A8H         SYMBOL        dif
  X:02A9H         SYMBOL        n
  X:02AAH         SYMBOL        k
  -------         ENDDO         
  C:7194H         LINE#         15
  C:7194H         LINE#         16
  C:7194H         LINE#         17
  C:71A1H         LINE#         21
  C:71A4H         LINE#         23
  C:71A7H         LINE#         25
  C:71B2H         LINE#         28
  C:71C5H         LINE#         29
  C:71C5H         LINE#         30
  C:71E9H         LINE#         31
  C:71F9H         LINE#         32
  C:7201H         LINE#         33
  C:720CH         LINE#         34
  C:720CH         LINE#         36
  C:7214H         LINE#         39
  C:721CH         LINE#         40
  C:7224H         LINE#         42
  C:7224H         LINE#         43
  C:7224H         LINE#         44
  -------         ENDPROC       ZEBRA_JUDGE
  -------         PROC          CHUKU
  C:859EH         LINE#         46
  C:859EH         LINE#         47
  C:85AAH         LINE#         48
  C:85AAH         LINE#         50
  C:85B1H         LINE#         51
  C:85BCH         LINE#         59
  C:85C5H         LINE#         64
  C:85CCH         LINE#         65
  C:85D4H         LINE#         66
  C:85D4H         LINE#         68
  C:85D4H         LINE#         69
  -------         ENDPROC       CHUKU
  -------         PROC          DISTANCE
  C:6BB9H         LINE#         72
  C:6BB9H         LINE#         73
  C:6BB9H         LINE#         74
  C:6BC5H         LINE#         75
  C:6BE7H         LINE#         76
  C:6BE7H         LINE#         78
  C:6BF3H         LINE#         79
  C:6C15H         LINE#         80
  C:6C15H         LINE#         82
  C:6C21H         LINE#         83
  C:6C46H         LINE#         84
  C:6C46H         LINE#         86
BL51 BANKED LINKER/LOCATER V6.22.2.0                                                  09/29/2020  14:48:27  PAGE 107


  C:6C53H         LINE#         87
  C:6C73H         LINE#         88
  C:6C73H         LINE#         91
  -------         ENDPROC       DISTANCE
  -------         PROC          STOP_CAR
  C:8B77H         LINE#         93
  C:8B77H         LINE#         94
  C:8B77H         LINE#         95
  C:8B84H         LINE#         97
  C:8B8CH         LINE#         98
  C:8B93H         LINE#         99
  C:8B93H         LINE#         100
  -------         ENDPROC       STOP_CAR
  -------         ENDMOD        CCD_JUDGE

  -------         MODULE        YUANSU
  C:0000H         SYMBOL        _ICE_DUMMY_
  D:0080H         PUBLIC        P0
  D:0090H         PUBLIC        P1
  D:00A0H         PUBLIC        P2
  D:00B0H         PUBLIC        P3
  D:00C0H         PUBLIC        P4
  D:00C8H         PUBLIC        P5
  D:00A8H         PUBLIC        IE
  D:00B8H         PUBLIC        IP
  X:0668H         PUBLIC        ON
  C:4974H         PUBLIC        round_judge
  D:00D8H         PUBLIC        CCON
  X:0669H         PUBLIC        round_flag
  X:066AH         PUBLIC        round_right
  D:0098H         PUBLIC        SCON
  D:0088H         PUBLIC        TCON
  X:066BH         PUBLIC        round_left
  X:066CH         SYMBOL        star_flag
  X:066EH         PUBLIC        OFF
  D:00D0H         PUBLIC        PSW
  -------         PROC          ROUND_JUDGE
  C:4974H         LINE#         7
  C:4974H         LINE#         8
  C:4981H         LINE#         9
  C:4981H         LINE#         10
  C:49CEH         LINE#         11
  C:49CEH         LINE#         12
  C:49D4H         LINE#         13
  C:49DAH         LINE#         14
  C:49E2H         LINE#         15
  C:49E2H         LINE#         17
  C:4A30H         LINE#         18
  C:4A30H         LINE#         19
  C:4A36H         LINE#         20
  C:4A3CH         LINE#         21
  C:4A44H         LINE#         22
  C:4A44H         LINE#         25
  C:4A56H         LINE#         26
  C:4A56H         LINE#         31
  C:4A5EH         LINE#         33
  C:4A78H         LINE#         34
BL51 BANKED LINKER/LOCATER V6.22.2.0                                                  09/29/2020  14:48:27  PAGE 108


  C:4A78H         LINE#         35
  C:4A7FH         LINE#         36
  C:4A87H         LINE#         38
  C:4A8DH         LINE#         39
  C:4A94H         LINE#         40
  C:4A94H         LINE#         41
  C:4A94H         LINE#         44
  C:4AA6H         LINE#         45
  C:4AA6H         LINE#         50
  C:4AAEH         LINE#         53
  C:4AC8H         LINE#         54
  C:4AC8H         LINE#         55
  C:4ACFH         LINE#         56
  C:4AD7H         LINE#         58
  C:4ADBH         LINE#         59
  C:4AE2H         LINE#         60
  C:4AE2H         LINE#         61
  C:4AE2H         LINE#         63
  C:4AE2H         LINE#         66
  C:4AF6H         LINE#         67
  C:4B0FH         LINE#         68
  C:4B0FH         LINE#         69
  C:4B15H         LINE#         71
  C:4B15H         LINE#         72
  C:4B1DH         LINE#         77
  C:4B21H         LINE#         78
  C:4B21H         LINE#         80
  C:4B21H         LINE#         83
  C:4B33H         LINE#         84
  C:4B4CH         LINE#         85
  C:4B4CH         LINE#         86
  C:4B52H         LINE#         88
  C:4B52H         LINE#         89
  C:4B5AH         LINE#         94
  C:4B5EH         LINE#         95
  C:4B5EH         LINE#         96
  C:4B5EH         LINE#         98
  -------         ENDPROC       ROUND_JUDGE
  -------         ENDMOD        YUANSU

  -------         MODULE        SPEEDCONTROL
  C:0000H         SYMBOL        _ICE_DUMMY_
  X:0000H         PUBLIC        speed_Rule_range
  D:0080H         PUBLIC        P0
  D:0090H         PUBLIC        P1
  D:00A0H         PUBLIC        P2
  D:00B0H         PUBLIC        P3
  D:00C0H         PUBLIC        P4
  D:00C8H         PUBLIC        P5
  C:583BH         PUBLIC        speed_fuzzy_query_fe
  C:56F2H         PUBLIC        speed_fuzzy_solve_forecast
  D:00A8H         PUBLIC        IE
  X:0014H         PUBLIC        eFuzzy
  C:5980H         PUBLIC        speed_fuzzy_query_forecast
  D:00B8H         PUBLIC        IP
  X:001CH         PUBLIC        speed_error_Rule
  X:0030H         PUBLIC        speed_eRule_err
BL51 BANKED LINKER/LOCATER V6.22.2.0                                                  09/29/2020  14:48:27  PAGE 109


  X:0044H         PUBLIC        speed_Fuzzy
  C:3C4BH         PUBLIC        speed_fuzzy_mem_cal_fe
  X:005CH         PUBLIC        speed_fec
  D:00D8H         PUBLIC        CCON
  X:0060H         PUBLIC        speed_pec
  X:0061H         PUBLIC        speed_rule
  C:36C8H         PUBLIC        speed_fuzzy_mem_cal_forecast
  X:00A9H         PUBLIC        speed_error_power
  D:0098H         PUBLIC        SCON
  D:0088H         PUBLIC        TCON
  X:00AAH         PUBLIC        control_P
  X:00AEH         PUBLIC        pec
  X:00AFH         SYMBOL        star_flag
  X:00B1H         PUBLIC        speed_Rule_kp_range
  X:00C5H         PUBLIC        speed_fe
  X:00C9H         PUBLIC        speed_pe
  X:00CAH         PUBLIC        speed_now
  X:00CCH         PUBLIC        DDD
  X:00D0H         PUBLIC        speed_Fuzzy_kd
  X:00E8H         PUBLIC        D_error
  X:00ECH         PUBLIC        num
  X:00EDH         PUBLIC        speed_forecast
  X:00F1H         PUBLIC        pe
  X:00F2H         PUBLIC        speed_fe_last
  C:7AEAH         PUBLIC        speedcontrol_forecast
  X:00F6H         PUBLIC        speed_Fuzzy_kp
  X:010EH         PUBLIC        speed_forecast_error
  X:0112H         PUBLIC        speed_rule_kp
  X:015AH         PUBLIC        m
  X:015BH         PUBLIC        speed_eRule
  X:016FH         PUBLIC        ecFuzzy
  C:6C74H         PUBLIC        speed_fuzzy_solve_fe
  D:00D0H         PUBLIC        PSW
  -------         PROC          SPEED_FUZZY_MEM_CAL_FORECAST
  C:36C8H         LINE#         74
  C:36C8H         LINE#         75
  C:36C8H         LINE#         77
  C:36F3H         LINE#         78
  C:36F9H         LINE#         79
  C:3724H         LINE#         80
  C:372AH         LINE#         84
  C:374BH         LINE#         85
  C:374BH         LINE#         86
  C:3755H         LINE#         87
  C:3755H         LINE#         88
  C:3757H         LINE#         89
  C:3778H         LINE#         90
  C:3778H         LINE#         91
  C:37CDH         LINE#         92
  C:37D2H         LINE#         93
  C:37D5H         LINE#         94
  C:37F6H         LINE#         95
  C:37F6H         LINE#         96
  C:384BH         LINE#         97
  C:3851H         LINE#         98
  C:3854H         LINE#         99
  C:3875H         LINE#         100
BL51 BANKED LINKER/LOCATER V6.22.2.0                                                  09/29/2020  14:48:27  PAGE 110


  C:3875H         LINE#         101
  C:38CAH         LINE#         102
  C:38D0H         LINE#         103
  C:38D3H         LINE#         104
  C:38F4H         LINE#         105
  C:38F4H         LINE#         106
  C:3949H         LINE#         107
  C:394FH         LINE#         108
  C:3951H         LINE#         110
  C:3951H         LINE#         111
  C:395BH         LINE#         112
  C:3961H         LINE#         113
  C:3961H         LINE#         114
  C:397FH         LINE#         116
  C:3985H         LINE#         117
  C:398FH         LINE#         118
  C:3999H         LINE#         120
  -------         ENDPROC       SPEED_FUZZY_MEM_CAL_FORECAST
  -------         PROC          SPEED_FUZZY_QUERY_FORECAST
  C:5980H         LINE#         129
  C:5980H         LINE#         130
  C:5980H         LINE#         131
  C:5999H         LINE#         132
  C:5999H         LINE#         133
  C:59B3H         LINE#         134
  C:59BBH         LINE#         136
  C:59F8H         LINE#         137
  C:5A36H         LINE#         139
  C:5A73H         LINE#         140
  -------         ENDPROC       SPEED_FUZZY_QUERY_FORECAST
  -------         PROC          SPEED_FUZZY_SOLVE_FORECAST
  C:56F2H         LINE#         150
  C:56F2H         LINE#         151
  C:56F2H         LINE#         152
  C:56FCH         LINE#         153
  C:5706H         LINE#         155
  C:5722H         LINE#         156
  C:5722H         LINE#         157
  C:57A9H         LINE#         158
  C:5831H         LINE#         159
  C:583AH         LINE#         169
  -------         ENDPROC       SPEED_FUZZY_SOLVE_FORECAST
  -------         PROC          SPEEDCONTROL_FORECAST
  C:7AEAH         LINE#         177
  C:7AEAH         LINE#         178
  C:7AEAH         LINE#         182
  C:7AFEH         LINE#         183
  C:7B21H         LINE#         184
  -------         ENDPROC       SPEEDCONTROL_FORECAST
  -------         PROC          SPEED_FUZZY_MEM_CAL_FE
  C:3C4BH         LINE#         201
  C:3C4BH         LINE#         202
  C:3C4BH         LINE#         205
  C:3C6CH         LINE#         206
  C:3C6CH         LINE#         207
  C:3C76H         LINE#         208
  C:3C76H         LINE#         209
BL51 BANKED LINKER/LOCATER V6.22.2.0                                                  09/29/2020  14:48:27  PAGE 111


  C:3C78H         LINE#         210
  C:3C99H         LINE#         211
  C:3C99H         LINE#         212
  C:3CEEH         LINE#         213
  C:3CF3H         LINE#         214
  C:3CF6H         LINE#         215
  C:3D17H         LINE#         216
  C:3D17H         LINE#         217
  C:3D6CH         LINE#         218
  C:3D72H         LINE#         219
  C:3D75H         LINE#         220
  C:3D96H         LINE#         221
  C:3D96H         LINE#         222
  C:3DEBH         LINE#         223
  C:3DF1H         LINE#         224
  C:3DF4H         LINE#         225
  C:3E15H         LINE#         226
  C:3E15H         LINE#         227
  C:3E6AH         LINE#         228
  C:3E70H         LINE#         229
  C:3E72H         LINE#         232
  C:3E72H         LINE#         233
  C:3E7CH         LINE#         234
  C:3E82H         LINE#         235
  C:3E82H         LINE#         236
  C:3EA0H         LINE#         238
  C:3EA6H         LINE#         239
  C:3EB0H         LINE#         240
  C:3EBAH         LINE#         243
  -------         ENDPROC       SPEED_FUZZY_MEM_CAL_FE
  -------         PROC          SPEED_FUZZY_QUERY_FE
  C:583BH         LINE#         251
  C:583BH         LINE#         252
  C:583BH         LINE#         253
  C:5854H         LINE#         254
  C:5854H         LINE#         255
  C:5871H         LINE#         256
  C:5882H         LINE#         257
  C:588AH         LINE#         259
  C:58C7H         LINE#         260
  C:5905H         LINE#         262
  C:5942H         LINE#         263
  -------         ENDPROC       SPEED_FUZZY_QUERY_FE
  -------         PROC          SPEED_FUZZY_SOLVE_FE
  C:6C74H         LINE#         273
  C:6C74H         LINE#         274
  C:6C74H         LINE#         275
  C:6C7EH         LINE#         278
  C:6C9AH         LINE#         279
  C:6C9AH         LINE#         280
  C:6D21H         LINE#         282
  C:6D2AH         LINE#         283
  -------         ENDPROC       SPEED_FUZZY_SOLVE_FE
  -------         ENDMOD        SPEEDCONTROL

  -------         MODULE        ?C?FPADD
  C:1C87H         PUBLIC        ?C?FPADD
BL51 BANKED LINKER/LOCATER V6.22.2.0                                                  09/29/2020  14:48:27  PAGE 112


  C:1C83H         PUBLIC        ?C?FPSUB
  -------         ENDMOD        ?C?FPADD

  -------         MODULE        ?C?FPMUL
  C:1D78H         PUBLIC        ?C?FPMUL
  -------         ENDMOD        ?C?FPMUL

  -------         MODULE        ?C?FPDIV
  C:1E81H         PUBLIC        ?C?FPDIV
  -------         ENDMOD        ?C?FPDIV

  -------         MODULE        ?C?FPCMP
  C:1F20H         PUBLIC        ?C?FPCMP
  C:1F1EH         PUBLIC        ?C?FPCMP3
  -------         ENDMOD        ?C?FPCMP

  -------         MODULE        ?C?FPNEG
  C:1F97H         PUBLIC        ?C?FPNEG
  -------         ENDMOD        ?C?FPNEG

  -------         MODULE        ?C?FCAST
  C:1FB2H         PUBLIC        ?C?FCASTC
  C:1FADH         PUBLIC        ?C?FCASTI
  C:1FA8H         PUBLIC        ?C?FCASTL
  -------         ENDMOD        ?C?FCAST

  -------         MODULE        ?C?CASTF
  C:1FE6H         PUBLIC        ?C?CASTF
  -------         ENDMOD        ?C?CASTF

  -------         MODULE        ?C?SCDIV
  C:2067H         PUBLIC        ?C?SCDIV
  -------         ENDMOD        ?C?SCDIV

  -------         MODULE        ?C?CLDPTR
  C:2089H         PUBLIC        ?C?CLDPTR
  -------         ENDMOD        ?C?CLDPTR

  -------         MODULE        ?C?CLDOPTR
  C:20A2H         PUBLIC        ?C?CLDOPTR
  -------         ENDMOD        ?C?CLDOPTR

  -------         MODULE        ?C?CSTPTR
  C:20CFH         PUBLIC        ?C?CSTPTR
  -------         ENDMOD        ?C?CSTPTR

  -------         MODULE        ?C?CSTOPTR
  C:20E1H         PUBLIC        ?C?CSTOPTR
  -------         ENDMOD        ?C?CSTOPTR

  -------         MODULE        ?C?IMUL
  C:2103H         PUBLIC        ?C?IMUL
  -------         ENDMOD        ?C?IMUL

  -------         MODULE        ?C?UIDIV
  C:2115H         PUBLIC        ?C?UIDIV
  -------         ENDMOD        ?C?UIDIV
BL51 BANKED LINKER/LOCATER V6.22.2.0                                                  09/29/2020  14:48:27  PAGE 113



  -------         MODULE        ?C?SIDIV
  C:216AH         PUBLIC        ?C?SIDIV
  -------         ENDMOD        ?C?SIDIV

  -------         MODULE        ?C?IILDX
  C:21A0H         PUBLIC        ?C?IILDX
  -------         ENDMOD        ?C?IILDX

  -------         MODULE        ?C?ILDIX
  C:21B6H         PUBLIC        ?C?ILDIX
  -------         ENDMOD        ?C?ILDIX

  -------         MODULE        ?C?ILDOPTR
  C:21CCH         PUBLIC        ?C?ILDOPTR
  -------         ENDMOD        ?C?ILDOPTR

  -------         MODULE        ?C?LMUL
  C:2204H         PUBLIC        ?C?LMUL
  -------         ENDMOD        ?C?LMUL

  -------         MODULE        ?C?ULDIV
  C:228FH         PUBLIC        ?C?ULDIV
  -------         ENDMOD        ?C?ULDIV

  -------         MODULE        ?C?SLDIV
  C:823CH         PUBLIC        ?C?SLDIV
  -------         ENDMOD        ?C?SLDIV

  -------         MODULE        ?C?LNEG
  C:2321H         PUBLIC        ?C?LNEG
  -------         ENDMOD        ?C?LNEG

  -------         MODULE        ?C?SLCMP
  C:232FH         PUBLIC        ?C?SLCMP
  -------         ENDMOD        ?C?SLCMP

  -------         MODULE        ?C?ULCMP
  C:2345H         PUBLIC        ?C?ULCMP
  -------         ENDMOD        ?C?ULCMP

  -------         MODULE        ?C?ULSHR
  C:2356H         PUBLIC        ?C?ULSHR
  -------         ENDMOD        ?C?ULSHR

  -------         MODULE        ?C?LLDPTR
  C:2369H         PUBLIC        ?C?LLDPTR
  -------         ENDMOD        ?C?LLDPTR

  -------         MODULE        ?C?LSTXDATA
  C:2389H         PUBLIC        ?C?LSTXDATA
  -------         ENDMOD        ?C?LSTXDATA

  -------         MODULE        ?C?LSTKXDATA
  C:2395H         PUBLIC        ?C?LSTKXDATA
  -------         ENDMOD        ?C?LSTKXDATA

BL51 BANKED LINKER/LOCATER V6.22.2.0                                                  09/29/2020  14:48:27  PAGE 114


  -------         MODULE        ?C?OFFX256
  C:23C6H         PUBLIC        ?C?OFFX256
  -------         ENDMOD        ?C?OFFX256

  -------         MODULE        ?C?OFFXADD
  C:23D7H         PUBLIC        ?C?OFFXADD
  -------         ENDMOD        ?C?OFFXADD

  -------         MODULE        ?C?PLDPTR
  C:23E3H         PUBLIC        ?C?PLDPTR
  -------         ENDMOD        ?C?PLDPTR

  -------         MODULE        ?C?CCASE
  C:2403H         PUBLIC        ?C?CCASE
  -------         ENDMOD        ?C?CCASE

  -------         MODULE        ?C?COPYP2
  C:24F5H         PUBLIC        ?C?COPYP2
  -------         ENDMOD        ?C?COPYP2

  -------         MODULE        ?C?LLDIDATA
  C:251BH         PUBLIC        ?C?LLDIDATA
  -------         ENDMOD        ?C?LLDIDATA

  -------         MODULE        ?C?LLDXDATA
  C:2527H         PUBLIC        ?C?LLDXDATA
  -------         ENDMOD        ?C?LLDXDATA

  -------         MODULE        ?C?LLDPDATA
  C:2533H         PUBLIC        ?C?LLDPDATA
  -------         ENDMOD        ?C?LLDPDATA

  -------         MODULE        ?C?LLDCODE
  C:253FH         PUBLIC        ?C?LLDCODE
  -------         ENDMOD        ?C?LLDCODE

  -------         MODULE        ?C?PLDIDATA
  C:254FH         PUBLIC        ?C?PLDIDATA
  -------         ENDMOD        ?C?PLDIDATA

  -------         MODULE        ?C?PLDXDATA
  C:2558H         PUBLIC        ?C?PLDXDATA
  -------         ENDMOD        ?C?PLDXDATA

  -------         MODULE        ?C?PLDPDATA
  C:2561H         PUBLIC        ?C?PLDPDATA
  -------         ENDMOD        ?C?PLDPDATA

  -------         MODULE        ?C?PLDCODE
  C:256AH         PUBLIC        ?C?PLDCODE
  -------         ENDMOD        ?C?PLDCODE

Program Size: data=9.0 xdata=1771 code=36496
LINK/LOCATE RUN COMPLETE.  0 WARNING(S),  0 ERROR(S)
